[02-01-2026 22:46:37] INFO autoreload 9712 - Watching for file changes with StatReloader
[02-01-2026 22:46:37] INFO autoreload 9712 - Watching for file changes with StatReloader
[02-01-2026 22:47:37] INFO autoreload 9712 - C:\Users\User\Desktop\backend_video_analysis\youtube-video-analytics-django\src\config\settings\dev.py changed, reloading.
[02-01-2026 22:47:37] INFO autoreload 9712 - C:\Users\User\Desktop\backend_video_analysis\youtube-video-analytics-django\src\config\settings\dev.py changed, reloading.
[02-01-2026 22:47:52] INFO autoreload 15348 - Watching for file changes with StatReloader
[02-01-2026 22:47:52] INFO autoreload 15348 - Watching for file changes with StatReloader
[02-01-2026 22:49:47] INFO autoreload 15348 - C:\Users\User\Desktop\backend_video_analysis\youtube-video-analytics-django\src\config\settings\base.py changed, reloading.
[02-01-2026 22:49:47] INFO autoreload 15348 - C:\Users\User\Desktop\backend_video_analysis\youtube-video-analytics-django\src\config\settings\base.py changed, reloading.
[02-01-2026 22:49:49] INFO autoreload 11468 - Watching for file changes with StatReloader
[02-01-2026 22:49:49] INFO autoreload 11468 - Watching for file changes with StatReloader
[04-01-2026 14:02:25] INFO autoreload 8320 - Watching for file changes with StatReloader
[04-01-2026 14:02:25] INFO autoreload 8320 - Watching for file changes with StatReloader
[04-01-2026 18:09:45] ERROR log 10532 - Internal Server Error: /healthz
Traceback (most recent call last):
  File "C:\Users\User\Desktop\backend_video_analysis\.venv\Lib\site-packages\django\urls\base.py", line 71, in reverse
    extra, resolver = resolver.namespace_dict[ns]
                      ~~~~~~~~~~~~~~~~~~~~~~~^^^^
KeyError: 'djdt'

During handling of the above exception, another exception occurred:

Traceback (most recent call last):
  File "C:\Users\User\Desktop\backend_video_analysis\.venv\Lib\site-packages\django\core\handlers\exception.py", line 55, in inner
    response = get_response(request)
               ^^^^^^^^^^^^^^^^^^^^^
  File "C:\Users\User\Desktop\backend_video_analysis\.venv\Lib\site-packages\debug_toolbar\middleware.py", line 97, in __call__
    rendered = toolbar.render_toolbar()
               ^^^^^^^^^^^^^^^^^^^^^^^^
  File "C:\Users\User\Desktop\backend_video_analysis\.venv\Lib\site-packages\debug_toolbar\toolbar.py", line 84, in render_toolbar
    return render_to_string("debug_toolbar/base.html", context)
           ^^^^^^^^^^^^^^^^^^^^^^^^^^^^^^^^^^^^^^^^^^^^^^^^^^^^
  File "C:\Users\User\Desktop\backend_video_analysis\.venv\Lib\site-packages\django\template\loader.py", line 62, in render_to_string
    return template.render(context, request)
           ^^^^^^^^^^^^^^^^^^^^^^^^^^^^^^^^^
  File "C:\Users\User\Desktop\backend_video_analysis\.venv\Lib\site-packages\django\template\backends\django.py", line 61, in render
    return self.template.render(context)
           ^^^^^^^^^^^^^^^^^^^^^^^^^^^^^
  File "C:\Users\User\Desktop\backend_video_analysis\.venv\Lib\site-packages\django\template\base.py", line 175, in render
    return self._render(context)
           ^^^^^^^^^^^^^^^^^^^^^
  File "C:\Users\User\Desktop\backend_video_analysis\.venv\Lib\site-packages\django\test\utils.py", line 112, in instrumented_test_render
    return self.nodelist.render(context)
           ^^^^^^^^^^^^^^^^^^^^^^^^^^^^^
  File "C:\Users\User\Desktop\backend_video_analysis\.venv\Lib\site-packages\django\template\base.py", line 1005, in render
    return SafeString("".join([node.render_annotated(context) for node in self]))
                              ^^^^^^^^^^^^^^^^^^^^^^^^^^^^^^^^^^^^^^^^^^^^^^^^^
  File "C:\Users\User\Desktop\backend_video_analysis\.venv\Lib\site-packages\django\template\base.py", line 1005, in <listcomp>
    return SafeString("".join([node.render_annotated(context) for node in self]))
                               ^^^^^^^^^^^^^^^^^^^^^^^^^^^^^^
  File "C:\Users\User\Desktop\backend_video_analysis\.venv\Lib\site-packages\django\template\base.py", line 966, in render_annotated
    return self.render(context)
           ^^^^^^^^^^^^^^^^^^^^
  File "C:\Users\User\Desktop\backend_video_analysis\.venv\Lib\site-packages\django\template\defaulttags.py", line 321, in render
    return nodelist.render(context)
           ^^^^^^^^^^^^^^^^^^^^^^^^
  File "C:\Users\User\Desktop\backend_video_analysis\.venv\Lib\site-packages\django\template\base.py", line 1005, in render
    return SafeString("".join([node.render_annotated(context) for node in self]))
                              ^^^^^^^^^^^^^^^^^^^^^^^^^^^^^^^^^^^^^^^^^^^^^^^^^
  File "C:\Users\User\Desktop\backend_video_analysis\.venv\Lib\site-packages\django\template\base.py", line 1005, in <listcomp>
    return SafeString("".join([node.render_annotated(context) for node in self]))
                               ^^^^^^^^^^^^^^^^^^^^^^^^^^^^^^
  File "C:\Users\User\Desktop\backend_video_analysis\.venv\Lib\site-packages\django\template\base.py", line 966, in render_annotated
    return self.render(context)
           ^^^^^^^^^^^^^^^^^^^^
  File "C:\Users\User\Desktop\backend_video_analysis\.venv\Lib\site-packages\django\template\defaulttags.py", line 471, in render
    url = reverse(view_name, args=args, kwargs=kwargs, current_app=current_app)
          ^^^^^^^^^^^^^^^^^^^^^^^^^^^^^^^^^^^^^^^^^^^^^^^^^^^^^^^^^^^^^^^^^^^^^
  File "C:\Users\User\Desktop\backend_video_analysis\.venv\Lib\site-packages\django\urls\base.py", line 82, in reverse
    raise NoReverseMatch("%s is not a registered namespace" % key)
django.urls.exceptions.NoReverseMatch: 'djdt' is not a registered namespace
[04-01-2026 18:09:45] ERROR log 10532 - Internal Server Error: /healthz
Traceback (most recent call last):
  File "C:\Users\User\Desktop\backend_video_analysis\.venv\Lib\site-packages\django\urls\base.py", line 71, in reverse
    extra, resolver = resolver.namespace_dict[ns]
                      ~~~~~~~~~~~~~~~~~~~~~~~^^^^
KeyError: 'djdt'

During handling of the above exception, another exception occurred:

Traceback (most recent call last):
  File "C:\Users\User\Desktop\backend_video_analysis\.venv\Lib\site-packages\django\core\handlers\exception.py", line 55, in inner
    response = get_response(request)
               ^^^^^^^^^^^^^^^^^^^^^
  File "C:\Users\User\Desktop\backend_video_analysis\.venv\Lib\site-packages\debug_toolbar\middleware.py", line 97, in __call__
    rendered = toolbar.render_toolbar()
               ^^^^^^^^^^^^^^^^^^^^^^^^
  File "C:\Users\User\Desktop\backend_video_analysis\.venv\Lib\site-packages\debug_toolbar\toolbar.py", line 84, in render_toolbar
    return render_to_string("debug_toolbar/base.html", context)
           ^^^^^^^^^^^^^^^^^^^^^^^^^^^^^^^^^^^^^^^^^^^^^^^^^^^^
  File "C:\Users\User\Desktop\backend_video_analysis\.venv\Lib\site-packages\django\template\loader.py", line 62, in render_to_string
    return template.render(context, request)
           ^^^^^^^^^^^^^^^^^^^^^^^^^^^^^^^^^
  File "C:\Users\User\Desktop\backend_video_analysis\.venv\Lib\site-packages\django\template\backends\django.py", line 61, in render
    return self.template.render(context)
           ^^^^^^^^^^^^^^^^^^^^^^^^^^^^^
  File "C:\Users\User\Desktop\backend_video_analysis\.venv\Lib\site-packages\django\template\base.py", line 175, in render
    return self._render(context)
           ^^^^^^^^^^^^^^^^^^^^^
  File "C:\Users\User\Desktop\backend_video_analysis\.venv\Lib\site-packages\django\test\utils.py", line 112, in instrumented_test_render
    return self.nodelist.render(context)
           ^^^^^^^^^^^^^^^^^^^^^^^^^^^^^
  File "C:\Users\User\Desktop\backend_video_analysis\.venv\Lib\site-packages\django\template\base.py", line 1005, in render
    return SafeString("".join([node.render_annotated(context) for node in self]))
                              ^^^^^^^^^^^^^^^^^^^^^^^^^^^^^^^^^^^^^^^^^^^^^^^^^
  File "C:\Users\User\Desktop\backend_video_analysis\.venv\Lib\site-packages\django\template\base.py", line 1005, in <listcomp>
    return SafeString("".join([node.render_annotated(context) for node in self]))
                               ^^^^^^^^^^^^^^^^^^^^^^^^^^^^^^
  File "C:\Users\User\Desktop\backend_video_analysis\.venv\Lib\site-packages\django\template\base.py", line 966, in render_annotated
    return self.render(context)
           ^^^^^^^^^^^^^^^^^^^^
  File "C:\Users\User\Desktop\backend_video_analysis\.venv\Lib\site-packages\django\template\defaulttags.py", line 321, in render
    return nodelist.render(context)
           ^^^^^^^^^^^^^^^^^^^^^^^^
  File "C:\Users\User\Desktop\backend_video_analysis\.venv\Lib\site-packages\django\template\base.py", line 1005, in render
    return SafeString("".join([node.render_annotated(context) for node in self]))
                              ^^^^^^^^^^^^^^^^^^^^^^^^^^^^^^^^^^^^^^^^^^^^^^^^^
  File "C:\Users\User\Desktop\backend_video_analysis\.venv\Lib\site-packages\django\template\base.py", line 1005, in <listcomp>
    return SafeString("".join([node.render_annotated(context) for node in self]))
                               ^^^^^^^^^^^^^^^^^^^^^^^^^^^^^^
  File "C:\Users\User\Desktop\backend_video_analysis\.venv\Lib\site-packages\django\template\base.py", line 966, in render_annotated
    return self.render(context)
           ^^^^^^^^^^^^^^^^^^^^
  File "C:\Users\User\Desktop\backend_video_analysis\.venv\Lib\site-packages\django\template\defaulttags.py", line 471, in render
    url = reverse(view_name, args=args, kwargs=kwargs, current_app=current_app)
          ^^^^^^^^^^^^^^^^^^^^^^^^^^^^^^^^^^^^^^^^^^^^^^^^^^^^^^^^^^^^^^^^^^^^^
  File "C:\Users\User\Desktop\backend_video_analysis\.venv\Lib\site-packages\django\urls\base.py", line 82, in reverse
    raise NoReverseMatch("%s is not a registered namespace" % key)
django.urls.exceptions.NoReverseMatch: 'djdt' is not a registered namespace
[04-01-2026 18:09:45] ERROR log 10532 - Internal Server Error: /healthz
Traceback (most recent call last):
  File "C:\Users\User\Desktop\backend_video_analysis\.venv\Lib\site-packages\django\urls\base.py", line 71, in reverse
    extra, resolver = resolver.namespace_dict[ns]
                      ~~~~~~~~~~~~~~~~~~~~~~~^^^^
KeyError: 'djdt'

During handling of the above exception, another exception occurred:

Traceback (most recent call last):
  File "C:\Users\User\Desktop\backend_video_analysis\.venv\Lib\site-packages\django\core\handlers\exception.py", line 55, in inner
    response = get_response(request)
               ^^^^^^^^^^^^^^^^^^^^^
  File "C:\Users\User\Desktop\backend_video_analysis\.venv\Lib\site-packages\debug_toolbar\middleware.py", line 97, in __call__
    rendered = toolbar.render_toolbar()
               ^^^^^^^^^^^^^^^^^^^^^^^^
  File "C:\Users\User\Desktop\backend_video_analysis\.venv\Lib\site-packages\debug_toolbar\toolbar.py", line 84, in render_toolbar
    return render_to_string("debug_toolbar/base.html", context)
           ^^^^^^^^^^^^^^^^^^^^^^^^^^^^^^^^^^^^^^^^^^^^^^^^^^^^
  File "C:\Users\User\Desktop\backend_video_analysis\.venv\Lib\site-packages\django\template\loader.py", line 62, in render_to_string
    return template.render(context, request)
           ^^^^^^^^^^^^^^^^^^^^^^^^^^^^^^^^^
  File "C:\Users\User\Desktop\backend_video_analysis\.venv\Lib\site-packages\django\template\backends\django.py", line 61, in render
    return self.template.render(context)
           ^^^^^^^^^^^^^^^^^^^^^^^^^^^^^
  File "C:\Users\User\Desktop\backend_video_analysis\.venv\Lib\site-packages\django\template\base.py", line 175, in render
    return self._render(context)
           ^^^^^^^^^^^^^^^^^^^^^
  File "C:\Users\User\Desktop\backend_video_analysis\.venv\Lib\site-packages\django\test\utils.py", line 112, in instrumented_test_render
    return self.nodelist.render(context)
           ^^^^^^^^^^^^^^^^^^^^^^^^^^^^^
  File "C:\Users\User\Desktop\backend_video_analysis\.venv\Lib\site-packages\django\template\base.py", line 1005, in render
    return SafeString("".join([node.render_annotated(context) for node in self]))
                              ^^^^^^^^^^^^^^^^^^^^^^^^^^^^^^^^^^^^^^^^^^^^^^^^^
  File "C:\Users\User\Desktop\backend_video_analysis\.venv\Lib\site-packages\django\template\base.py", line 1005, in <listcomp>
    return SafeString("".join([node.render_annotated(context) for node in self]))
                               ^^^^^^^^^^^^^^^^^^^^^^^^^^^^^^
  File "C:\Users\User\Desktop\backend_video_analysis\.venv\Lib\site-packages\django\template\base.py", line 966, in render_annotated
    return self.render(context)
           ^^^^^^^^^^^^^^^^^^^^
  File "C:\Users\User\Desktop\backend_video_analysis\.venv\Lib\site-packages\django\template\defaulttags.py", line 321, in render
    return nodelist.render(context)
           ^^^^^^^^^^^^^^^^^^^^^^^^
  File "C:\Users\User\Desktop\backend_video_analysis\.venv\Lib\site-packages\django\template\base.py", line 1005, in render
    return SafeString("".join([node.render_annotated(context) for node in self]))
                              ^^^^^^^^^^^^^^^^^^^^^^^^^^^^^^^^^^^^^^^^^^^^^^^^^
  File "C:\Users\User\Desktop\backend_video_analysis\.venv\Lib\site-packages\django\template\base.py", line 1005, in <listcomp>
    return SafeString("".join([node.render_annotated(context) for node in self]))
                               ^^^^^^^^^^^^^^^^^^^^^^^^^^^^^^
  File "C:\Users\User\Desktop\backend_video_analysis\.venv\Lib\site-packages\django\template\base.py", line 966, in render_annotated
    return self.render(context)
           ^^^^^^^^^^^^^^^^^^^^
  File "C:\Users\User\Desktop\backend_video_analysis\.venv\Lib\site-packages\django\template\defaulttags.py", line 471, in render
    url = reverse(view_name, args=args, kwargs=kwargs, current_app=current_app)
          ^^^^^^^^^^^^^^^^^^^^^^^^^^^^^^^^^^^^^^^^^^^^^^^^^^^^^^^^^^^^^^^^^^^^^
  File "C:\Users\User\Desktop\backend_video_analysis\.venv\Lib\site-packages\django\urls\base.py", line 82, in reverse
    raise NoReverseMatch("%s is not a registered namespace" % key)
django.urls.exceptions.NoReverseMatch: 'djdt' is not a registered namespace
[04-01-2026 18:09:45] ERROR basehttp 10532 - "GET /healthz HTTP/1.1" 500 162943
[04-01-2026 18:09:45] ERROR basehttp 10532 - "GET /healthz HTTP/1.1" 500 162943
[04-01-2026 18:09:45] ERROR basehttp 10532 - "GET /healthz HTTP/1.1" 500 162943
[04-01-2026 18:09:46] ERROR log 10532 - Internal Server Error: /favicon.ico
Traceback (most recent call last):
  File "C:\Users\User\Desktop\backend_video_analysis\.venv\Lib\site-packages\django\urls\base.py", line 71, in reverse
    extra, resolver = resolver.namespace_dict[ns]
                      ~~~~~~~~~~~~~~~~~~~~~~~^^^^
KeyError: 'djdt'

During handling of the above exception, another exception occurred:

Traceback (most recent call last):
  File "C:\Users\User\Desktop\backend_video_analysis\.venv\Lib\site-packages\django\core\handlers\exception.py", line 55, in inner
    response = get_response(request)
               ^^^^^^^^^^^^^^^^^^^^^
  File "C:\Users\User\Desktop\backend_video_analysis\.venv\Lib\site-packages\debug_toolbar\middleware.py", line 97, in __call__
    rendered = toolbar.render_toolbar()
               ^^^^^^^^^^^^^^^^^^^^^^^^
  File "C:\Users\User\Desktop\backend_video_analysis\.venv\Lib\site-packages\debug_toolbar\toolbar.py", line 84, in render_toolbar
    return render_to_string("debug_toolbar/base.html", context)
           ^^^^^^^^^^^^^^^^^^^^^^^^^^^^^^^^^^^^^^^^^^^^^^^^^^^^
  File "C:\Users\User\Desktop\backend_video_analysis\.venv\Lib\site-packages\django\template\loader.py", line 62, in render_to_string
    return template.render(context, request)
           ^^^^^^^^^^^^^^^^^^^^^^^^^^^^^^^^^
  File "C:\Users\User\Desktop\backend_video_analysis\.venv\Lib\site-packages\django\template\backends\django.py", line 61, in render
    return self.template.render(context)
           ^^^^^^^^^^^^^^^^^^^^^^^^^^^^^
  File "C:\Users\User\Desktop\backend_video_analysis\.venv\Lib\site-packages\django\template\base.py", line 175, in render
    return self._render(context)
           ^^^^^^^^^^^^^^^^^^^^^
  File "C:\Users\User\Desktop\backend_video_analysis\.venv\Lib\site-packages\django\test\utils.py", line 112, in instrumented_test_render
    return self.nodelist.render(context)
           ^^^^^^^^^^^^^^^^^^^^^^^^^^^^^
  File "C:\Users\User\Desktop\backend_video_analysis\.venv\Lib\site-packages\django\template\base.py", line 1005, in render
    return SafeString("".join([node.render_annotated(context) for node in self]))
                              ^^^^^^^^^^^^^^^^^^^^^^^^^^^^^^^^^^^^^^^^^^^^^^^^^
  File "C:\Users\User\Desktop\backend_video_analysis\.venv\Lib\site-packages\django\template\base.py", line 1005, in <listcomp>
    return SafeString("".join([node.render_annotated(context) for node in self]))
                               ^^^^^^^^^^^^^^^^^^^^^^^^^^^^^^
  File "C:\Users\User\Desktop\backend_video_analysis\.venv\Lib\site-packages\django\template\base.py", line 966, in render_annotated
    return self.render(context)
           ^^^^^^^^^^^^^^^^^^^^
  File "C:\Users\User\Desktop\backend_video_analysis\.venv\Lib\site-packages\django\template\defaulttags.py", line 321, in render
    return nodelist.render(context)
           ^^^^^^^^^^^^^^^^^^^^^^^^
  File "C:\Users\User\Desktop\backend_video_analysis\.venv\Lib\site-packages\django\template\base.py", line 1005, in render
    return SafeString("".join([node.render_annotated(context) for node in self]))
                              ^^^^^^^^^^^^^^^^^^^^^^^^^^^^^^^^^^^^^^^^^^^^^^^^^
  File "C:\Users\User\Desktop\backend_video_analysis\.venv\Lib\site-packages\django\template\base.py", line 1005, in <listcomp>
    return SafeString("".join([node.render_annotated(context) for node in self]))
                               ^^^^^^^^^^^^^^^^^^^^^^^^^^^^^^
  File "C:\Users\User\Desktop\backend_video_analysis\.venv\Lib\site-packages\django\template\base.py", line 966, in render_annotated
    return self.render(context)
           ^^^^^^^^^^^^^^^^^^^^
  File "C:\Users\User\Desktop\backend_video_analysis\.venv\Lib\site-packages\django\template\defaulttags.py", line 471, in render
    url = reverse(view_name, args=args, kwargs=kwargs, current_app=current_app)
          ^^^^^^^^^^^^^^^^^^^^^^^^^^^^^^^^^^^^^^^^^^^^^^^^^^^^^^^^^^^^^^^^^^^^^
  File "C:\Users\User\Desktop\backend_video_analysis\.venv\Lib\site-packages\django\urls\base.py", line 82, in reverse
    raise NoReverseMatch("%s is not a registered namespace" % key)
django.urls.exceptions.NoReverseMatch: 'djdt' is not a registered namespace
[04-01-2026 18:09:46] ERROR log 10532 - Internal Server Error: /favicon.ico
Traceback (most recent call last):
  File "C:\Users\User\Desktop\backend_video_analysis\.venv\Lib\site-packages\django\urls\base.py", line 71, in reverse
    extra, resolver = resolver.namespace_dict[ns]
                      ~~~~~~~~~~~~~~~~~~~~~~~^^^^
KeyError: 'djdt'

During handling of the above exception, another exception occurred:

Traceback (most recent call last):
  File "C:\Users\User\Desktop\backend_video_analysis\.venv\Lib\site-packages\django\core\handlers\exception.py", line 55, in inner
    response = get_response(request)
               ^^^^^^^^^^^^^^^^^^^^^
  File "C:\Users\User\Desktop\backend_video_analysis\.venv\Lib\site-packages\debug_toolbar\middleware.py", line 97, in __call__
    rendered = toolbar.render_toolbar()
               ^^^^^^^^^^^^^^^^^^^^^^^^
  File "C:\Users\User\Desktop\backend_video_analysis\.venv\Lib\site-packages\debug_toolbar\toolbar.py", line 84, in render_toolbar
    return render_to_string("debug_toolbar/base.html", context)
           ^^^^^^^^^^^^^^^^^^^^^^^^^^^^^^^^^^^^^^^^^^^^^^^^^^^^
  File "C:\Users\User\Desktop\backend_video_analysis\.venv\Lib\site-packages\django\template\loader.py", line 62, in render_to_string
    return template.render(context, request)
           ^^^^^^^^^^^^^^^^^^^^^^^^^^^^^^^^^
  File "C:\Users\User\Desktop\backend_video_analysis\.venv\Lib\site-packages\django\template\backends\django.py", line 61, in render
    return self.template.render(context)
           ^^^^^^^^^^^^^^^^^^^^^^^^^^^^^
  File "C:\Users\User\Desktop\backend_video_analysis\.venv\Lib\site-packages\django\template\base.py", line 175, in render
    return self._render(context)
           ^^^^^^^^^^^^^^^^^^^^^
  File "C:\Users\User\Desktop\backend_video_analysis\.venv\Lib\site-packages\django\test\utils.py", line 112, in instrumented_test_render
    return self.nodelist.render(context)
           ^^^^^^^^^^^^^^^^^^^^^^^^^^^^^
  File "C:\Users\User\Desktop\backend_video_analysis\.venv\Lib\site-packages\django\template\base.py", line 1005, in render
    return SafeString("".join([node.render_annotated(context) for node in self]))
                              ^^^^^^^^^^^^^^^^^^^^^^^^^^^^^^^^^^^^^^^^^^^^^^^^^
  File "C:\Users\User\Desktop\backend_video_analysis\.venv\Lib\site-packages\django\template\base.py", line 1005, in <listcomp>
    return SafeString("".join([node.render_annotated(context) for node in self]))
                               ^^^^^^^^^^^^^^^^^^^^^^^^^^^^^^
  File "C:\Users\User\Desktop\backend_video_analysis\.venv\Lib\site-packages\django\template\base.py", line 966, in render_annotated
    return self.render(context)
           ^^^^^^^^^^^^^^^^^^^^
  File "C:\Users\User\Desktop\backend_video_analysis\.venv\Lib\site-packages\django\template\defaulttags.py", line 321, in render
    return nodelist.render(context)
           ^^^^^^^^^^^^^^^^^^^^^^^^
  File "C:\Users\User\Desktop\backend_video_analysis\.venv\Lib\site-packages\django\template\base.py", line 1005, in render
    return SafeString("".join([node.render_annotated(context) for node in self]))
                              ^^^^^^^^^^^^^^^^^^^^^^^^^^^^^^^^^^^^^^^^^^^^^^^^^
  File "C:\Users\User\Desktop\backend_video_analysis\.venv\Lib\site-packages\django\template\base.py", line 1005, in <listcomp>
    return SafeString("".join([node.render_annotated(context) for node in self]))
                               ^^^^^^^^^^^^^^^^^^^^^^^^^^^^^^
  File "C:\Users\User\Desktop\backend_video_analysis\.venv\Lib\site-packages\django\template\base.py", line 966, in render_annotated
    return self.render(context)
           ^^^^^^^^^^^^^^^^^^^^
  File "C:\Users\User\Desktop\backend_video_analysis\.venv\Lib\site-packages\django\template\defaulttags.py", line 471, in render
    url = reverse(view_name, args=args, kwargs=kwargs, current_app=current_app)
          ^^^^^^^^^^^^^^^^^^^^^^^^^^^^^^^^^^^^^^^^^^^^^^^^^^^^^^^^^^^^^^^^^^^^^
  File "C:\Users\User\Desktop\backend_video_analysis\.venv\Lib\site-packages\django\urls\base.py", line 82, in reverse
    raise NoReverseMatch("%s is not a registered namespace" % key)
django.urls.exceptions.NoReverseMatch: 'djdt' is not a registered namespace
[04-01-2026 18:09:46] ERROR log 10532 - Internal Server Error: /favicon.ico
Traceback (most recent call last):
  File "C:\Users\User\Desktop\backend_video_analysis\.venv\Lib\site-packages\django\urls\base.py", line 71, in reverse
    extra, resolver = resolver.namespace_dict[ns]
                      ~~~~~~~~~~~~~~~~~~~~~~~^^^^
KeyError: 'djdt'

During handling of the above exception, another exception occurred:

Traceback (most recent call last):
  File "C:\Users\User\Desktop\backend_video_analysis\.venv\Lib\site-packages\django\core\handlers\exception.py", line 55, in inner
    response = get_response(request)
               ^^^^^^^^^^^^^^^^^^^^^
  File "C:\Users\User\Desktop\backend_video_analysis\.venv\Lib\site-packages\debug_toolbar\middleware.py", line 97, in __call__
    rendered = toolbar.render_toolbar()
               ^^^^^^^^^^^^^^^^^^^^^^^^
  File "C:\Users\User\Desktop\backend_video_analysis\.venv\Lib\site-packages\debug_toolbar\toolbar.py", line 84, in render_toolbar
    return render_to_string("debug_toolbar/base.html", context)
           ^^^^^^^^^^^^^^^^^^^^^^^^^^^^^^^^^^^^^^^^^^^^^^^^^^^^
  File "C:\Users\User\Desktop\backend_video_analysis\.venv\Lib\site-packages\django\template\loader.py", line 62, in render_to_string
    return template.render(context, request)
           ^^^^^^^^^^^^^^^^^^^^^^^^^^^^^^^^^
  File "C:\Users\User\Desktop\backend_video_analysis\.venv\Lib\site-packages\django\template\backends\django.py", line 61, in render
    return self.template.render(context)
           ^^^^^^^^^^^^^^^^^^^^^^^^^^^^^
  File "C:\Users\User\Desktop\backend_video_analysis\.venv\Lib\site-packages\django\template\base.py", line 175, in render
    return self._render(context)
           ^^^^^^^^^^^^^^^^^^^^^
  File "C:\Users\User\Desktop\backend_video_analysis\.venv\Lib\site-packages\django\test\utils.py", line 112, in instrumented_test_render
    return self.nodelist.render(context)
           ^^^^^^^^^^^^^^^^^^^^^^^^^^^^^
  File "C:\Users\User\Desktop\backend_video_analysis\.venv\Lib\site-packages\django\template\base.py", line 1005, in render
    return SafeString("".join([node.render_annotated(context) for node in self]))
                              ^^^^^^^^^^^^^^^^^^^^^^^^^^^^^^^^^^^^^^^^^^^^^^^^^
  File "C:\Users\User\Desktop\backend_video_analysis\.venv\Lib\site-packages\django\template\base.py", line 1005, in <listcomp>
    return SafeString("".join([node.render_annotated(context) for node in self]))
                               ^^^^^^^^^^^^^^^^^^^^^^^^^^^^^^
  File "C:\Users\User\Desktop\backend_video_analysis\.venv\Lib\site-packages\django\template\base.py", line 966, in render_annotated
    return self.render(context)
           ^^^^^^^^^^^^^^^^^^^^
  File "C:\Users\User\Desktop\backend_video_analysis\.venv\Lib\site-packages\django\template\defaulttags.py", line 321, in render
    return nodelist.render(context)
           ^^^^^^^^^^^^^^^^^^^^^^^^
  File "C:\Users\User\Desktop\backend_video_analysis\.venv\Lib\site-packages\django\template\base.py", line 1005, in render
    return SafeString("".join([node.render_annotated(context) for node in self]))
                              ^^^^^^^^^^^^^^^^^^^^^^^^^^^^^^^^^^^^^^^^^^^^^^^^^
  File "C:\Users\User\Desktop\backend_video_analysis\.venv\Lib\site-packages\django\template\base.py", line 1005, in <listcomp>
    return SafeString("".join([node.render_annotated(context) for node in self]))
                               ^^^^^^^^^^^^^^^^^^^^^^^^^^^^^^
  File "C:\Users\User\Desktop\backend_video_analysis\.venv\Lib\site-packages\django\template\base.py", line 966, in render_annotated
    return self.render(context)
           ^^^^^^^^^^^^^^^^^^^^
  File "C:\Users\User\Desktop\backend_video_analysis\.venv\Lib\site-packages\django\template\defaulttags.py", line 471, in render
    url = reverse(view_name, args=args, kwargs=kwargs, current_app=current_app)
          ^^^^^^^^^^^^^^^^^^^^^^^^^^^^^^^^^^^^^^^^^^^^^^^^^^^^^^^^^^^^^^^^^^^^^
  File "C:\Users\User\Desktop\backend_video_analysis\.venv\Lib\site-packages\django\urls\base.py", line 82, in reverse
    raise NoReverseMatch("%s is not a registered namespace" % key)
django.urls.exceptions.NoReverseMatch: 'djdt' is not a registered namespace
[04-01-2026 18:09:46] ERROR basehttp 10532 - "GET /favicon.ico HTTP/1.1" 500 162829
[04-01-2026 18:09:46] ERROR basehttp 10532 - "GET /favicon.ico HTTP/1.1" 500 162829
[04-01-2026 18:09:46] ERROR basehttp 10532 - "GET /favicon.ico HTTP/1.1" 500 162829
[04-01-2026 18:27:59] INFO autoreload 19164 - Watching for file changes with StatReloader
[04-01-2026 18:27:59] INFO autoreload 19164 - Watching for file changes with StatReloader
[04-01-2026 18:30:47] INFO autoreload 20236 - Watching for file changes with StatReloader
[04-01-2026 18:30:47] INFO autoreload 20236 - Watching for file changes with StatReloader
[04-01-2026 18:31:34] INFO autoreload 9332 - Watching for file changes with StatReloader
[04-01-2026 18:31:34] INFO autoreload 9332 - Watching for file changes with StatReloader
[04-01-2026 18:31:39] WARNING log 18584 - Not Found: /healthz
[04-01-2026 18:31:39] WARNING log 18584 - Not Found: /healthz
[04-01-2026 18:31:39] WARNING log 18584 - Not Found: /healthz
[04-01-2026 18:31:39] WARNING basehttp 18584 - "GET /healthz HTTP/1.1" 404 16535
[04-01-2026 18:31:39] WARNING basehttp 18584 - "GET /healthz HTTP/1.1" 404 16535
[04-01-2026 18:31:39] WARNING basehttp 18584 - "GET /healthz HTTP/1.1" 404 16535
[04-01-2026 18:31:40] INFO basehttp 19240 - "GET /static/debug_toolbar/js/toolbar.js HTTP/1.1" 200 14601
[04-01-2026 18:31:40] INFO basehttp 19240 - "GET /static/debug_toolbar/js/toolbar.js HTTP/1.1" 200 14601
[04-01-2026 18:31:40] INFO basehttp 19240 - "GET /static/debug_toolbar/js/toolbar.js HTTP/1.1" 200 14601
[04-01-2026 18:31:40] INFO basehttp 18584 - "GET /static/debug_toolbar/css/toolbar.css HTTP/1.1" 200 16675
[04-01-2026 18:31:40] INFO basehttp 19240 - "GET /static/debug_toolbar/css/print.css HTTP/1.1" 200 43
[04-01-2026 18:31:40] INFO basehttp 18584 - "GET /static/debug_toolbar/css/toolbar.css HTTP/1.1" 200 16675
[04-01-2026 18:31:40] INFO basehttp 19240 - "GET /static/debug_toolbar/css/print.css HTTP/1.1" 200 43
[04-01-2026 18:31:40] INFO basehttp 18584 - "GET /static/debug_toolbar/css/toolbar.css HTTP/1.1" 200 16675
[04-01-2026 18:31:40] INFO basehttp 19240 - "GET /static/debug_toolbar/css/print.css HTTP/1.1" 200 43
[04-01-2026 18:31:40] INFO basehttp 19240 - "GET /static/debug_toolbar/js/utils.js HTTP/1.1" 200 4742
[04-01-2026 18:31:40] INFO basehttp 19240 - "GET /static/debug_toolbar/js/utils.js HTTP/1.1" 200 4742
[04-01-2026 18:31:40] INFO basehttp 19240 - "GET /static/debug_toolbar/js/utils.js HTTP/1.1" 200 4742
[04-01-2026 18:31:40] WARNING log 19240 - Not Found: /favicon.ico
[04-01-2026 18:31:40] WARNING log 19240 - Not Found: /favicon.ico
[04-01-2026 18:31:40] WARNING log 19240 - Not Found: /favicon.ico
[04-01-2026 18:31:40] WARNING basehttp 19240 - "GET /favicon.ico HTTP/1.1" 404 16550
[04-01-2026 18:31:40] WARNING basehttp 19240 - "GET /favicon.ico HTTP/1.1" 404 16550
[04-01-2026 18:31:40] WARNING basehttp 19240 - "GET /favicon.ico HTTP/1.1" 404 16550
[04-01-2026 18:32:16] WARNING log 19240 - Not Found: /healthz/
[04-01-2026 18:32:16] WARNING log 19240 - Not Found: /healthz/
[04-01-2026 18:32:16] WARNING log 19240 - Not Found: /healthz/
[04-01-2026 18:32:16] WARNING basehttp 19240 - "GET /healthz/ HTTP/1.1" 404 16538
[04-01-2026 18:32:16] WARNING basehttp 19240 - "GET /healthz/ HTTP/1.1" 404 16538
[04-01-2026 18:32:16] WARNING basehttp 19240 - "GET /healthz/ HTTP/1.1" 404 16538
[04-01-2026 18:33:28] INFO autoreload 9332 - C:\Users\User\Desktop\backend_video_analysis\youtube-video-analytics-django\src\videos\urls.py changed, reloading.
[04-01-2026 18:33:28] INFO autoreload 9332 - C:\Users\User\Desktop\backend_video_analysis\youtube-video-analytics-django\src\videos\urls.py changed, reloading.
[04-01-2026 18:33:31] INFO autoreload 1608 - Watching for file changes with StatReloader
[04-01-2026 18:33:31] INFO autoreload 1608 - Watching for file changes with StatReloader
[04-01-2026 18:33:43] INFO autoreload 20668 - Watching for file changes with StatReloader
[04-01-2026 18:33:43] INFO autoreload 20668 - Watching for file changes with StatReloader
[04-01-2026 18:34:06] INFO basehttp 14552 - "GET /healthz HTTP/1.1" 200 41
[04-01-2026 18:34:06] INFO basehttp 14552 - "GET /healthz HTTP/1.1" 200 41
[04-01-2026 18:34:06] INFO basehttp 14552 - "GET /healthz HTTP/1.1" 200 41
[04-01-2026 23:58:38] INFO autoreload 20668 - C:\Users\User\Desktop\backend_video_analysis\youtube-video-analytics-django\src\videos\views.py changed, reloading.
[04-01-2026 23:58:38] INFO autoreload 20668 - C:\Users\User\Desktop\backend_video_analysis\youtube-video-analytics-django\src\videos\views.py changed, reloading.
[04-01-2026 23:58:42] INFO autoreload 19116 - Watching for file changes with StatReloader
[04-01-2026 23:58:42] INFO autoreload 19116 - Watching for file changes with StatReloader
[04-01-2026 23:58:55] INFO autoreload 19116 - C:\Users\User\Desktop\backend_video_analysis\youtube-video-analytics-django\src\videos\views.py changed, reloading.
[04-01-2026 23:58:55] INFO autoreload 19116 - C:\Users\User\Desktop\backend_video_analysis\youtube-video-analytics-django\src\videos\views.py changed, reloading.
[04-01-2026 23:58:58] INFO autoreload 596 - Watching for file changes with StatReloader
[04-01-2026 23:58:58] INFO autoreload 596 - Watching for file changes with StatReloader
[04-01-2026 23:59:00] INFO autoreload 596 - C:\Users\User\Desktop\backend_video_analysis\youtube-video-analytics-django\src\videos\views.py changed, reloading.
[04-01-2026 23:59:00] INFO autoreload 596 - C:\Users\User\Desktop\backend_video_analysis\youtube-video-analytics-django\src\videos\views.py changed, reloading.
[04-01-2026 23:59:04] INFO autoreload 11140 - Watching for file changes with StatReloader
[04-01-2026 23:59:04] INFO autoreload 11140 - Watching for file changes with StatReloader
[04-01-2026 23:59:07] INFO autoreload 11140 - C:\Users\User\Desktop\backend_video_analysis\youtube-video-analytics-django\src\videos\views.py changed, reloading.
[04-01-2026 23:59:07] INFO autoreload 11140 - C:\Users\User\Desktop\backend_video_analysis\youtube-video-analytics-django\src\videos\views.py changed, reloading.
[04-01-2026 23:59:10] INFO autoreload 20224 - Watching for file changes with StatReloader
[04-01-2026 23:59:10] INFO autoreload 20224 - Watching for file changes with StatReloader
[04-01-2026 23:59:12] INFO autoreload 20224 - C:\Users\User\Desktop\backend_video_analysis\youtube-video-analytics-django\src\videos\views.py changed, reloading.
[04-01-2026 23:59:12] INFO autoreload 20224 - C:\Users\User\Desktop\backend_video_analysis\youtube-video-analytics-django\src\videos\views.py changed, reloading.
[04-01-2026 23:59:16] INFO autoreload 4268 - Watching for file changes with StatReloader
[04-01-2026 23:59:16] INFO autoreload 4268 - Watching for file changes with StatReloader
[04-01-2026 23:59:20] INFO autoreload 4268 - C:\Users\User\Desktop\backend_video_analysis\youtube-video-analytics-django\src\videos\views.py changed, reloading.
[04-01-2026 23:59:20] INFO autoreload 4268 - C:\Users\User\Desktop\backend_video_analysis\youtube-video-analytics-django\src\videos\views.py changed, reloading.
[04-01-2026 23:59:22] INFO autoreload 6276 - Watching for file changes with StatReloader
[04-01-2026 23:59:22] INFO autoreload 6276 - Watching for file changes with StatReloader
[04-01-2026 23:59:26] INFO autoreload 6276 - C:\Users\User\Desktop\backend_video_analysis\youtube-video-analytics-django\src\videos\views.py changed, reloading.
[04-01-2026 23:59:26] INFO autoreload 6276 - C:\Users\User\Desktop\backend_video_analysis\youtube-video-analytics-django\src\videos\views.py changed, reloading.
[04-01-2026 23:59:28] INFO autoreload 12856 - Watching for file changes with StatReloader
[04-01-2026 23:59:28] INFO autoreload 12856 - Watching for file changes with StatReloader
[04-01-2026 23:59:40] INFO autoreload 12856 - C:\Users\User\Desktop\backend_video_analysis\youtube-video-analytics-django\src\videos\views.py changed, reloading.
[04-01-2026 23:59:40] INFO autoreload 12856 - C:\Users\User\Desktop\backend_video_analysis\youtube-video-analytics-django\src\videos\views.py changed, reloading.
[04-01-2026 23:59:43] INFO autoreload 9240 - Watching for file changes with StatReloader
[04-01-2026 23:59:43] INFO autoreload 9240 - Watching for file changes with StatReloader
[04-01-2026 23:59:50] INFO autoreload 9240 - C:\Users\User\Desktop\backend_video_analysis\youtube-video-analytics-django\src\videos\views.py changed, reloading.
[04-01-2026 23:59:50] INFO autoreload 9240 - C:\Users\User\Desktop\backend_video_analysis\youtube-video-analytics-django\src\videos\views.py changed, reloading.
[04-01-2026 23:59:52] INFO autoreload 708 - Watching for file changes with StatReloader
[04-01-2026 23:59:52] INFO autoreload 708 - Watching for file changes with StatReloader
[04-01-2026 23:59:55] INFO autoreload 708 - C:\Users\User\Desktop\backend_video_analysis\youtube-video-analytics-django\src\videos\views.py changed, reloading.
[04-01-2026 23:59:55] INFO autoreload 708 - C:\Users\User\Desktop\backend_video_analysis\youtube-video-analytics-django\src\videos\views.py changed, reloading.
[04-01-2026 23:59:57] INFO autoreload 7172 - Watching for file changes with StatReloader
[04-01-2026 23:59:57] INFO autoreload 7172 - Watching for file changes with StatReloader
[05-01-2026 00:00:09] INFO autoreload 7172 - C:\Users\User\Desktop\backend_video_analysis\youtube-video-analytics-django\src\videos\views.py changed, reloading.
[05-01-2026 00:00:09] INFO autoreload 7172 - C:\Users\User\Desktop\backend_video_analysis\youtube-video-analytics-django\src\videos\views.py changed, reloading.
[05-01-2026 00:00:11] INFO autoreload 19160 - Watching for file changes with StatReloader
[05-01-2026 00:00:11] INFO autoreload 19160 - Watching for file changes with StatReloader
[05-01-2026 00:00:14] INFO autoreload 19160 - C:\Users\User\Desktop\backend_video_analysis\youtube-video-analytics-django\src\videos\views.py changed, reloading.
[05-01-2026 00:00:14] INFO autoreload 19160 - C:\Users\User\Desktop\backend_video_analysis\youtube-video-analytics-django\src\videos\views.py changed, reloading.
[05-01-2026 00:00:17] INFO autoreload 4320 - Watching for file changes with StatReloader
[05-01-2026 00:00:17] INFO autoreload 4320 - Watching for file changes with StatReloader
[05-01-2026 00:00:22] INFO autoreload 4320 - C:\Users\User\Desktop\backend_video_analysis\youtube-video-analytics-django\src\videos\views.py changed, reloading.
[05-01-2026 00:00:22] INFO autoreload 4320 - C:\Users\User\Desktop\backend_video_analysis\youtube-video-analytics-django\src\videos\views.py changed, reloading.
[05-01-2026 00:00:24] INFO autoreload 7672 - Watching for file changes with StatReloader
[05-01-2026 00:00:24] INFO autoreload 7672 - Watching for file changes with StatReloader
[05-01-2026 00:00:27] INFO autoreload 7672 - C:\Users\User\Desktop\backend_video_analysis\youtube-video-analytics-django\src\videos\views.py changed, reloading.
[05-01-2026 00:00:27] INFO autoreload 7672 - C:\Users\User\Desktop\backend_video_analysis\youtube-video-analytics-django\src\videos\views.py changed, reloading.
[05-01-2026 00:00:31] INFO autoreload 5392 - Watching for file changes with StatReloader
[05-01-2026 00:00:31] INFO autoreload 5392 - Watching for file changes with StatReloader
[05-01-2026 00:00:36] INFO autoreload 5392 - C:\Users\User\Desktop\backend_video_analysis\youtube-video-analytics-django\src\videos\views.py changed, reloading.
[05-01-2026 00:00:36] INFO autoreload 5392 - C:\Users\User\Desktop\backend_video_analysis\youtube-video-analytics-django\src\videos\views.py changed, reloading.
[05-01-2026 00:00:39] INFO autoreload 19528 - Watching for file changes with StatReloader
[05-01-2026 00:00:39] INFO autoreload 19528 - Watching for file changes with StatReloader
[05-01-2026 00:00:43] INFO autoreload 19528 - C:\Users\User\Desktop\backend_video_analysis\youtube-video-analytics-django\src\videos\views.py changed, reloading.
[05-01-2026 00:00:43] INFO autoreload 19528 - C:\Users\User\Desktop\backend_video_analysis\youtube-video-analytics-django\src\videos\views.py changed, reloading.
[05-01-2026 00:00:45] INFO autoreload 7660 - Watching for file changes with StatReloader
[05-01-2026 00:00:45] INFO autoreload 7660 - Watching for file changes with StatReloader
[05-01-2026 00:01:39] INFO autoreload 7660 - C:\Users\User\Desktop\backend_video_analysis\youtube-video-analytics-django\src\videos\views.py changed, reloading.
[05-01-2026 00:01:39] INFO autoreload 7660 - C:\Users\User\Desktop\backend_video_analysis\youtube-video-analytics-django\src\videos\views.py changed, reloading.
[05-01-2026 00:01:42] INFO autoreload 21224 - Watching for file changes with StatReloader
[05-01-2026 00:01:42] INFO autoreload 21224 - Watching for file changes with StatReloader
[05-01-2026 00:01:46] INFO autoreload 21224 - C:\Users\User\Desktop\backend_video_analysis\youtube-video-analytics-django\src\videos\views.py changed, reloading.
[05-01-2026 00:01:46] INFO autoreload 21224 - C:\Users\User\Desktop\backend_video_analysis\youtube-video-analytics-django\src\videos\views.py changed, reloading.
[05-01-2026 00:01:48] INFO autoreload 9560 - Watching for file changes with StatReloader
[05-01-2026 00:01:48] INFO autoreload 9560 - Watching for file changes with StatReloader
[05-01-2026 00:02:13] INFO autoreload 9560 - C:\Users\User\Desktop\backend_video_analysis\youtube-video-analytics-django\src\videos\views.py changed, reloading.
[05-01-2026 00:02:13] INFO autoreload 9560 - C:\Users\User\Desktop\backend_video_analysis\youtube-video-analytics-django\src\videos\views.py changed, reloading.
[05-01-2026 00:02:15] INFO autoreload 13836 - Watching for file changes with StatReloader
[05-01-2026 00:02:15] INFO autoreload 13836 - Watching for file changes with StatReloader
[05-01-2026 00:02:18] INFO autoreload 13836 - C:\Users\User\Desktop\backend_video_analysis\youtube-video-analytics-django\src\videos\views.py changed, reloading.
[05-01-2026 00:02:18] INFO autoreload 13836 - C:\Users\User\Desktop\backend_video_analysis\youtube-video-analytics-django\src\videos\views.py changed, reloading.
[05-01-2026 00:02:22] INFO autoreload 9164 - Watching for file changes with StatReloader
[05-01-2026 00:02:22] INFO autoreload 9164 - Watching for file changes with StatReloader
[05-01-2026 00:02:26] INFO autoreload 9164 - C:\Users\User\Desktop\backend_video_analysis\youtube-video-analytics-django\src\videos\views.py changed, reloading.
[05-01-2026 00:02:26] INFO autoreload 9164 - C:\Users\User\Desktop\backend_video_analysis\youtube-video-analytics-django\src\videos\views.py changed, reloading.
[05-01-2026 00:02:30] INFO autoreload 9260 - Watching for file changes with StatReloader
[05-01-2026 00:02:30] INFO autoreload 9260 - Watching for file changes with StatReloader
[05-01-2026 00:02:34] INFO autoreload 9260 - C:\Users\User\Desktop\backend_video_analysis\youtube-video-analytics-django\src\videos\views.py changed, reloading.
[05-01-2026 00:02:34] INFO autoreload 9260 - C:\Users\User\Desktop\backend_video_analysis\youtube-video-analytics-django\src\videos\views.py changed, reloading.
[05-01-2026 00:02:38] INFO autoreload 13568 - Watching for file changes with StatReloader
[05-01-2026 00:02:38] INFO autoreload 13568 - Watching for file changes with StatReloader
[05-01-2026 00:02:40] INFO autoreload 13568 - C:\Users\User\Desktop\backend_video_analysis\youtube-video-analytics-django\src\videos\views.py changed, reloading.
[05-01-2026 00:02:40] INFO autoreload 13568 - C:\Users\User\Desktop\backend_video_analysis\youtube-video-analytics-django\src\videos\views.py changed, reloading.
[05-01-2026 00:02:43] INFO autoreload 19964 - Watching for file changes with StatReloader
[05-01-2026 00:02:43] INFO autoreload 19964 - Watching for file changes with StatReloader
[05-01-2026 00:02:48] INFO autoreload 19964 - C:\Users\User\Desktop\backend_video_analysis\youtube-video-analytics-django\src\videos\views.py changed, reloading.
[05-01-2026 00:02:48] INFO autoreload 19964 - C:\Users\User\Desktop\backend_video_analysis\youtube-video-analytics-django\src\videos\views.py changed, reloading.
[05-01-2026 00:02:50] INFO autoreload 2448 - Watching for file changes with StatReloader
[05-01-2026 00:02:50] INFO autoreload 2448 - Watching for file changes with StatReloader
[05-01-2026 00:02:52] INFO autoreload 2448 - C:\Users\User\Desktop\backend_video_analysis\youtube-video-analytics-django\src\videos\views.py changed, reloading.
[05-01-2026 00:02:52] INFO autoreload 2448 - C:\Users\User\Desktop\backend_video_analysis\youtube-video-analytics-django\src\videos\views.py changed, reloading.
[05-01-2026 00:02:55] INFO autoreload 19340 - Watching for file changes with StatReloader
[05-01-2026 00:02:55] INFO autoreload 19340 - Watching for file changes with StatReloader
[05-01-2026 00:03:00] INFO autoreload 19340 - C:\Users\User\Desktop\backend_video_analysis\youtube-video-analytics-django\src\videos\views.py changed, reloading.
[05-01-2026 00:03:00] INFO autoreload 19340 - C:\Users\User\Desktop\backend_video_analysis\youtube-video-analytics-django\src\videos\views.py changed, reloading.
[05-01-2026 00:03:02] INFO autoreload 18100 - Watching for file changes with StatReloader
[05-01-2026 00:03:02] INFO autoreload 18100 - Watching for file changes with StatReloader
[05-01-2026 00:03:28] INFO autoreload 18100 - C:\Users\User\Desktop\backend_video_analysis\youtube-video-analytics-django\src\videos\views.py changed, reloading.
[05-01-2026 00:03:28] INFO autoreload 18100 - C:\Users\User\Desktop\backend_video_analysis\youtube-video-analytics-django\src\videos\views.py changed, reloading.
[05-01-2026 00:03:31] INFO autoreload 14852 - Watching for file changes with StatReloader
[05-01-2026 00:03:31] INFO autoreload 14852 - Watching for file changes with StatReloader
[05-01-2026 00:03:43] INFO autoreload 14852 - C:\Users\User\Desktop\backend_video_analysis\youtube-video-analytics-django\src\videos\views.py changed, reloading.
[05-01-2026 00:03:43] INFO autoreload 14852 - C:\Users\User\Desktop\backend_video_analysis\youtube-video-analytics-django\src\videos\views.py changed, reloading.
[05-01-2026 00:03:45] INFO autoreload 6780 - Watching for file changes with StatReloader
[05-01-2026 00:03:45] INFO autoreload 6780 - Watching for file changes with StatReloader
[05-01-2026 00:03:48] INFO autoreload 6780 - C:\Users\User\Desktop\backend_video_analysis\youtube-video-analytics-django\src\videos\views.py changed, reloading.
[05-01-2026 00:03:48] INFO autoreload 6780 - C:\Users\User\Desktop\backend_video_analysis\youtube-video-analytics-django\src\videos\views.py changed, reloading.
[05-01-2026 00:03:51] INFO autoreload 14504 - Watching for file changes with StatReloader
[05-01-2026 00:03:51] INFO autoreload 14504 - Watching for file changes with StatReloader
[05-01-2026 00:03:55] INFO autoreload 14504 - C:\Users\User\Desktop\backend_video_analysis\youtube-video-analytics-django\src\videos\views.py changed, reloading.
[05-01-2026 00:03:55] INFO autoreload 14504 - C:\Users\User\Desktop\backend_video_analysis\youtube-video-analytics-django\src\videos\views.py changed, reloading.
[05-01-2026 00:03:58] INFO autoreload 1880 - Watching for file changes with StatReloader
[05-01-2026 00:03:58] INFO autoreload 1880 - Watching for file changes with StatReloader
[05-01-2026 00:04:00] INFO autoreload 1880 - C:\Users\User\Desktop\backend_video_analysis\youtube-video-analytics-django\src\videos\views.py changed, reloading.
[05-01-2026 00:04:00] INFO autoreload 1880 - C:\Users\User\Desktop\backend_video_analysis\youtube-video-analytics-django\src\videos\views.py changed, reloading.
[05-01-2026 00:04:02] INFO autoreload 18756 - Watching for file changes with StatReloader
[05-01-2026 00:04:02] INFO autoreload 18756 - Watching for file changes with StatReloader
[05-01-2026 00:04:04] INFO autoreload 18756 - C:\Users\User\Desktop\backend_video_analysis\youtube-video-analytics-django\src\videos\views.py changed, reloading.
[05-01-2026 00:04:04] INFO autoreload 18756 - C:\Users\User\Desktop\backend_video_analysis\youtube-video-analytics-django\src\videos\views.py changed, reloading.
[05-01-2026 00:04:07] INFO autoreload 13972 - Watching for file changes with StatReloader
[05-01-2026 00:04:07] INFO autoreload 13972 - Watching for file changes with StatReloader
[05-01-2026 00:04:12] INFO autoreload 13972 - C:\Users\User\Desktop\backend_video_analysis\youtube-video-analytics-django\src\videos\views.py changed, reloading.
[05-01-2026 00:04:12] INFO autoreload 13972 - C:\Users\User\Desktop\backend_video_analysis\youtube-video-analytics-django\src\videos\views.py changed, reloading.
[05-01-2026 00:04:13] INFO autoreload 5168 - Watching for file changes with StatReloader
[05-01-2026 00:04:13] INFO autoreload 5168 - Watching for file changes with StatReloader
[05-01-2026 00:04:16] INFO autoreload 5168 - C:\Users\User\Desktop\backend_video_analysis\youtube-video-analytics-django\src\videos\views.py changed, reloading.
[05-01-2026 00:04:16] INFO autoreload 5168 - C:\Users\User\Desktop\backend_video_analysis\youtube-video-analytics-django\src\videos\views.py changed, reloading.
[05-01-2026 00:04:19] INFO autoreload 5480 - Watching for file changes with StatReloader
[05-01-2026 00:04:19] INFO autoreload 5480 - Watching for file changes with StatReloader
[05-01-2026 00:04:22] INFO autoreload 5480 - C:\Users\User\Desktop\backend_video_analysis\youtube-video-analytics-django\src\videos\views.py changed, reloading.
[05-01-2026 00:04:22] INFO autoreload 5480 - C:\Users\User\Desktop\backend_video_analysis\youtube-video-analytics-django\src\videos\views.py changed, reloading.
[05-01-2026 00:04:24] INFO autoreload 10896 - Watching for file changes with StatReloader
[05-01-2026 00:04:24] INFO autoreload 10896 - Watching for file changes with StatReloader
[05-01-2026 00:04:26] INFO autoreload 10896 - C:\Users\User\Desktop\backend_video_analysis\youtube-video-analytics-django\src\videos\views.py changed, reloading.
[05-01-2026 00:04:26] INFO autoreload 10896 - C:\Users\User\Desktop\backend_video_analysis\youtube-video-analytics-django\src\videos\views.py changed, reloading.
[05-01-2026 00:04:28] INFO autoreload 1352 - Watching for file changes with StatReloader
[05-01-2026 00:04:28] INFO autoreload 1352 - Watching for file changes with StatReloader
[05-01-2026 00:06:27] INFO autoreload 1352 - C:\Users\User\Desktop\backend_video_analysis\youtube-video-analytics-django\src\videos\urls.py changed, reloading.
[05-01-2026 00:06:27] INFO autoreload 1352 - C:\Users\User\Desktop\backend_video_analysis\youtube-video-analytics-django\src\videos\urls.py changed, reloading.
[05-01-2026 00:06:30] INFO autoreload 3256 - Watching for file changes with StatReloader
[05-01-2026 00:06:30] INFO autoreload 3256 - Watching for file changes with StatReloader
[05-01-2026 00:06:32] INFO autoreload 3256 - C:\Users\User\Desktop\backend_video_analysis\youtube-video-analytics-django\src\videos\urls.py changed, reloading.
[05-01-2026 00:06:32] INFO autoreload 3256 - C:\Users\User\Desktop\backend_video_analysis\youtube-video-analytics-django\src\videos\urls.py changed, reloading.
[05-01-2026 00:06:34] INFO autoreload 10720 - Watching for file changes with StatReloader
[05-01-2026 00:06:34] INFO autoreload 10720 - Watching for file changes with StatReloader
[05-01-2026 00:06:43] INFO autoreload 10720 - C:\Users\User\Desktop\backend_video_analysis\youtube-video-analytics-django\src\videos\urls.py changed, reloading.
[05-01-2026 00:06:43] INFO autoreload 10720 - C:\Users\User\Desktop\backend_video_analysis\youtube-video-analytics-django\src\videos\urls.py changed, reloading.
[05-01-2026 00:06:48] INFO autoreload 9180 - Watching for file changes with StatReloader
[05-01-2026 00:06:48] INFO autoreload 9180 - Watching for file changes with StatReloader
[05-01-2026 00:06:57] INFO autoreload 9180 - C:\Users\User\Desktop\backend_video_analysis\youtube-video-analytics-django\src\videos\urls.py changed, reloading.
[05-01-2026 00:06:57] INFO autoreload 9180 - C:\Users\User\Desktop\backend_video_analysis\youtube-video-analytics-django\src\videos\urls.py changed, reloading.
[05-01-2026 00:06:59] INFO autoreload 15252 - Watching for file changes with StatReloader
[05-01-2026 00:06:59] INFO autoreload 15252 - Watching for file changes with StatReloader
[05-01-2026 00:07:24] INFO autoreload 15252 - C:\Users\User\Desktop\backend_video_analysis\youtube-video-analytics-django\src\videos\urls.py changed, reloading.
[05-01-2026 00:07:24] INFO autoreload 15252 - C:\Users\User\Desktop\backend_video_analysis\youtube-video-analytics-django\src\videos\urls.py changed, reloading.
[05-01-2026 00:07:26] INFO autoreload 19296 - Watching for file changes with StatReloader
[05-01-2026 00:07:26] INFO autoreload 19296 - Watching for file changes with StatReloader
[05-01-2026 00:07:31] INFO autoreload 19296 - C:\Users\User\Desktop\backend_video_analysis\youtube-video-analytics-django\src\videos\urls.py changed, reloading.
[05-01-2026 00:07:31] INFO autoreload 19296 - C:\Users\User\Desktop\backend_video_analysis\youtube-video-analytics-django\src\videos\urls.py changed, reloading.
[05-01-2026 00:07:34] INFO autoreload 9936 - Watching for file changes with StatReloader
[05-01-2026 00:07:34] INFO autoreload 9936 - Watching for file changes with StatReloader
[05-01-2026 00:07:37] INFO autoreload 9936 - C:\Users\User\Desktop\backend_video_analysis\youtube-video-analytics-django\src\videos\urls.py changed, reloading.
[05-01-2026 00:07:37] INFO autoreload 9936 - C:\Users\User\Desktop\backend_video_analysis\youtube-video-analytics-django\src\videos\urls.py changed, reloading.
[05-01-2026 00:07:40] INFO autoreload 10768 - Watching for file changes with StatReloader
[05-01-2026 00:07:40] INFO autoreload 10768 - Watching for file changes with StatReloader
[05-01-2026 00:07:45] INFO autoreload 10768 - C:\Users\User\Desktop\backend_video_analysis\youtube-video-analytics-django\src\videos\urls.py changed, reloading.
[05-01-2026 00:07:45] INFO autoreload 10768 - C:\Users\User\Desktop\backend_video_analysis\youtube-video-analytics-django\src\videos\urls.py changed, reloading.
[05-01-2026 00:07:48] INFO autoreload 16408 - Watching for file changes with StatReloader
[05-01-2026 00:07:48] INFO autoreload 16408 - Watching for file changes with StatReloader
[05-01-2026 00:07:54] INFO autoreload 16408 - C:\Users\User\Desktop\backend_video_analysis\youtube-video-analytics-django\src\videos\urls.py changed, reloading.
[05-01-2026 00:07:54] INFO autoreload 16408 - C:\Users\User\Desktop\backend_video_analysis\youtube-video-analytics-django\src\videos\urls.py changed, reloading.
[05-01-2026 00:07:56] INFO autoreload 6988 - Watching for file changes with StatReloader
[05-01-2026 00:07:56] INFO autoreload 6988 - Watching for file changes with StatReloader
[05-01-2026 00:07:58] INFO autoreload 6988 - C:\Users\User\Desktop\backend_video_analysis\youtube-video-analytics-django\src\videos\urls.py changed, reloading.
[05-01-2026 00:07:58] INFO autoreload 6988 - C:\Users\User\Desktop\backend_video_analysis\youtube-video-analytics-django\src\videos\urls.py changed, reloading.
[05-01-2026 00:08:00] INFO autoreload 21072 - Watching for file changes with StatReloader
[05-01-2026 00:08:00] INFO autoreload 21072 - Watching for file changes with StatReloader
[05-01-2026 00:08:03] INFO autoreload 21072 - C:\Users\User\Desktop\backend_video_analysis\youtube-video-analytics-django\src\videos\urls.py changed, reloading.
[05-01-2026 00:08:03] INFO autoreload 21072 - C:\Users\User\Desktop\backend_video_analysis\youtube-video-analytics-django\src\videos\urls.py changed, reloading.
[05-01-2026 00:08:05] INFO autoreload 17984 - Watching for file changes with StatReloader
[05-01-2026 00:08:05] INFO autoreload 17984 - Watching for file changes with StatReloader
[05-01-2026 00:08:08] INFO autoreload 17984 - C:\Users\User\Desktop\backend_video_analysis\youtube-video-analytics-django\src\videos\urls.py changed, reloading.
[05-01-2026 00:08:08] INFO autoreload 17984 - C:\Users\User\Desktop\backend_video_analysis\youtube-video-analytics-django\src\videos\urls.py changed, reloading.
[05-01-2026 00:08:10] INFO autoreload 18508 - Watching for file changes with StatReloader
[05-01-2026 00:08:10] INFO autoreload 18508 - Watching for file changes with StatReloader
[05-01-2026 00:08:12] INFO autoreload 18508 - C:\Users\User\Desktop\backend_video_analysis\youtube-video-analytics-django\src\videos\urls.py changed, reloading.
[05-01-2026 00:08:12] INFO autoreload 18508 - C:\Users\User\Desktop\backend_video_analysis\youtube-video-analytics-django\src\videos\urls.py changed, reloading.
[05-01-2026 00:08:14] INFO autoreload 1488 - Watching for file changes with StatReloader
[05-01-2026 00:08:14] INFO autoreload 1488 - Watching for file changes with StatReloader
[05-01-2026 00:08:16] INFO autoreload 1488 - C:\Users\User\Desktop\backend_video_analysis\youtube-video-analytics-django\src\videos\urls.py changed, reloading.
[05-01-2026 00:08:16] INFO autoreload 1488 - C:\Users\User\Desktop\backend_video_analysis\youtube-video-analytics-django\src\videos\urls.py changed, reloading.
[05-01-2026 00:08:18] INFO autoreload 19952 - Watching for file changes with StatReloader
[05-01-2026 00:08:18] INFO autoreload 19952 - Watching for file changes with StatReloader
[05-01-2026 00:08:30] INFO autoreload 19952 - C:\Users\User\Desktop\backend_video_analysis\youtube-video-analytics-django\src\videos\urls.py changed, reloading.
[05-01-2026 00:08:30] INFO autoreload 19952 - C:\Users\User\Desktop\backend_video_analysis\youtube-video-analytics-django\src\videos\urls.py changed, reloading.
[05-01-2026 00:08:32] INFO autoreload 15476 - Watching for file changes with StatReloader
[05-01-2026 00:08:32] INFO autoreload 15476 - Watching for file changes with StatReloader
[05-01-2026 00:08:34] INFO autoreload 15476 - C:\Users\User\Desktop\backend_video_analysis\youtube-video-analytics-django\src\videos\urls.py changed, reloading.
[05-01-2026 00:08:34] INFO autoreload 15476 - C:\Users\User\Desktop\backend_video_analysis\youtube-video-analytics-django\src\videos\urls.py changed, reloading.
[05-01-2026 00:08:37] INFO autoreload 12708 - Watching for file changes with StatReloader
[05-01-2026 00:08:37] INFO autoreload 12708 - Watching for file changes with StatReloader
[05-01-2026 00:08:39] INFO autoreload 12708 - C:\Users\User\Desktop\backend_video_analysis\youtube-video-analytics-django\src\videos\urls.py changed, reloading.
[05-01-2026 00:08:39] INFO autoreload 12708 - C:\Users\User\Desktop\backend_video_analysis\youtube-video-analytics-django\src\videos\urls.py changed, reloading.
[05-01-2026 00:08:41] INFO autoreload 1392 - Watching for file changes with StatReloader
[05-01-2026 00:08:41] INFO autoreload 1392 - Watching for file changes with StatReloader
[05-01-2026 00:08:46] INFO autoreload 1392 - C:\Users\User\Desktop\backend_video_analysis\youtube-video-analytics-django\src\videos\urls.py changed, reloading.
[05-01-2026 00:08:46] INFO autoreload 1392 - C:\Users\User\Desktop\backend_video_analysis\youtube-video-analytics-django\src\videos\urls.py changed, reloading.
[05-01-2026 00:08:48] INFO autoreload 11564 - Watching for file changes with StatReloader
[05-01-2026 00:08:48] INFO autoreload 11564 - Watching for file changes with StatReloader
[05-01-2026 00:08:52] INFO autoreload 11564 - C:\Users\User\Desktop\backend_video_analysis\youtube-video-analytics-django\src\videos\urls.py changed, reloading.
[05-01-2026 00:08:52] INFO autoreload 11564 - C:\Users\User\Desktop\backend_video_analysis\youtube-video-analytics-django\src\videos\urls.py changed, reloading.
[05-01-2026 00:08:54] INFO autoreload 14400 - Watching for file changes with StatReloader
[05-01-2026 00:08:54] INFO autoreload 14400 - Watching for file changes with StatReloader
[05-01-2026 00:08:57] INFO autoreload 14400 - C:\Users\User\Desktop\backend_video_analysis\youtube-video-analytics-django\src\videos\urls.py changed, reloading.
[05-01-2026 00:08:57] INFO autoreload 14400 - C:\Users\User\Desktop\backend_video_analysis\youtube-video-analytics-django\src\videos\urls.py changed, reloading.
[05-01-2026 00:09:00] INFO autoreload 19184 - Watching for file changes with StatReloader
[05-01-2026 00:09:00] INFO autoreload 19184 - Watching for file changes with StatReloader
[05-01-2026 00:09:02] INFO autoreload 19184 - C:\Users\User\Desktop\backend_video_analysis\youtube-video-analytics-django\src\videos\urls.py changed, reloading.
[05-01-2026 00:09:02] INFO autoreload 19184 - C:\Users\User\Desktop\backend_video_analysis\youtube-video-analytics-django\src\videos\urls.py changed, reloading.
[05-01-2026 00:09:05] INFO autoreload 928 - Watching for file changes with StatReloader
[05-01-2026 00:09:05] INFO autoreload 928 - Watching for file changes with StatReloader
[05-01-2026 00:09:19] INFO autoreload 928 - C:\Users\User\Desktop\backend_video_analysis\youtube-video-analytics-django\src\videos\urls.py changed, reloading.
[05-01-2026 00:09:19] INFO autoreload 928 - C:\Users\User\Desktop\backend_video_analysis\youtube-video-analytics-django\src\videos\urls.py changed, reloading.
[05-01-2026 00:09:20] INFO autoreload 7384 - Watching for file changes with StatReloader
[05-01-2026 00:09:20] INFO autoreload 7384 - Watching for file changes with StatReloader
[05-01-2026 00:09:49] WARNING log 15932 - Not Found: /
[05-01-2026 00:09:49] WARNING log 15932 - Not Found: /
[05-01-2026 00:09:49] WARNING log 15932 - Not Found: /
[05-01-2026 00:09:49] WARNING basehttp 15932 - "GET / HTTP/1.1" 404 16846
[05-01-2026 00:09:49] WARNING basehttp 15932 - "GET / HTTP/1.1" 404 16846
[05-01-2026 00:09:49] WARNING basehttp 15932 - "GET / HTTP/1.1" 404 16846
[05-01-2026 00:09:49] INFO basehttp 15932 - "GET /static/debug_toolbar/css/toolbar.css HTTP/1.1" 200 16675
[05-01-2026 00:09:49] INFO basehttp 17932 - "GET /static/debug_toolbar/js/toolbar.js HTTP/1.1" 200 14601
[05-01-2026 00:09:49] INFO basehttp 15932 - "GET /static/debug_toolbar/css/toolbar.css HTTP/1.1" 200 16675
[05-01-2026 00:09:49] INFO basehttp 17932 - "GET /static/debug_toolbar/js/toolbar.js HTTP/1.1" 200 14601
[05-01-2026 00:09:49] INFO basehttp 15932 - "GET /static/debug_toolbar/css/toolbar.css HTTP/1.1" 200 16675
[05-01-2026 00:09:49] INFO basehttp 17932 - "GET /static/debug_toolbar/js/toolbar.js HTTP/1.1" 200 14601
[05-01-2026 00:09:49] INFO basehttp 17932 - "GET /static/debug_toolbar/css/print.css HTTP/1.1" 200 43
[05-01-2026 00:09:49] INFO basehttp 17932 - "GET /static/debug_toolbar/css/print.css HTTP/1.1" 200 43
[05-01-2026 00:09:49] INFO basehttp 17932 - "GET /static/debug_toolbar/css/print.css HTTP/1.1" 200 43
[05-01-2026 00:09:49] INFO basehttp 17932 - "GET /static/debug_toolbar/js/utils.js HTTP/1.1" 200 4742
[05-01-2026 00:09:49] INFO basehttp 17932 - "GET /static/debug_toolbar/js/utils.js HTTP/1.1" 200 4742
[05-01-2026 00:09:49] INFO basehttp 17932 - "GET /static/debug_toolbar/js/utils.js HTTP/1.1" 200 4742
[05-01-2026 00:09:49] WARNING log 17932 - Not Found: /favicon.ico
[05-01-2026 00:09:49] WARNING log 17932 - Not Found: /favicon.ico
[05-01-2026 00:09:49] WARNING log 17932 - Not Found: /favicon.ico
[05-01-2026 00:09:49] WARNING basehttp 17932 - "GET /favicon.ico HTTP/1.1" 404 16907
[05-01-2026 00:09:49] WARNING basehttp 17932 - "GET /favicon.ico HTTP/1.1" 404 16907
[05-01-2026 00:09:49] WARNING basehttp 17932 - "GET /favicon.ico HTTP/1.1" 404 16907
[05-01-2026 00:10:00] ERROR log 17932 - Internal Server Error: /event
Traceback (most recent call last):
  File "C:\Users\User\Desktop\backend_video_analysis\.venv\Lib\site-packages\django_redis\cache.py", line 29, in _decorator
    return method(self, *args, **kwargs)
           ^^^^^^^^^^^^^^^^^^^^^^^^^^^^^
  File "C:\Users\User\Desktop\backend_video_analysis\.venv\Lib\site-packages\django_redis\cache.py", line 99, in _get
    return self.client.get(key, default=default, version=version, client=client)
           ^^^^^^^^^^^^^^^^^^^^^^^^^^^^^^^^^^^^^^^^^^^^^^^^^^^^^^^^^^^^^^^^^^^^^
  File "C:\Users\User\Desktop\backend_video_analysis\.venv\Lib\site-packages\django_redis\client\default.py", line 260, in get
    raise ConnectionInterrupted(connection=client) from e
django_redis.exceptions.ConnectionInterrupted: Redis ConnectionError: Error 10061 connecting to localhost:6379. No connection could be made because the target machine actively refused it.

During handling of the above exception, another exception occurred:

Traceback (most recent call last):
  File "C:\Users\User\Desktop\backend_video_analysis\.venv\Lib\site-packages\django\core\handlers\exception.py", line 55, in inner
    response = get_response(request)
               ^^^^^^^^^^^^^^^^^^^^^
  File "C:\Users\User\Desktop\backend_video_analysis\.venv\Lib\site-packages\django\core\handlers\base.py", line 197, in _get_response
    response = wrapped_callback(request, *callback_args, **callback_kwargs)
               ^^^^^^^^^^^^^^^^^^^^^^^^^^^^^^^^^^^^^^^^^^^^^^^^^^^^^^^^^^^^
  File "C:\Users\User\Desktop\backend_video_analysis\.venv\Lib\site-packages\django\views\decorators\csrf.py", line 56, in wrapper_view
    return view_func(*args, **kwargs)
           ^^^^^^^^^^^^^^^^^^^^^^^^^^
  File "C:\Users\User\Desktop\backend_video_analysis\.venv\Lib\site-packages\django\views\generic\base.py", line 105, in view
    return self.dispatch(request, *args, **kwargs)
           ^^^^^^^^^^^^^^^^^^^^^^^^^^^^^^^^^^^^^^^
  File "C:\Users\User\Desktop\backend_video_analysis\.venv\Lib\site-packages\rest_framework\views.py", line 515, in dispatch
    response = self.handle_exception(exc)
               ^^^^^^^^^^^^^^^^^^^^^^^^^^
  File "C:\Users\User\Desktop\backend_video_analysis\.venv\Lib\site-packages\rest_framework\views.py", line 475, in handle_exception
    self.raise_uncaught_exception(exc)
  File "C:\Users\User\Desktop\backend_video_analysis\.venv\Lib\site-packages\rest_framework\views.py", line 486, in raise_uncaught_exception
    raise exc
  File "C:\Users\User\Desktop\backend_video_analysis\.venv\Lib\site-packages\rest_framework\views.py", line 503, in dispatch
    self.initial(request, *args, **kwargs)
  File "C:\Users\User\Desktop\backend_video_analysis\.venv\Lib\site-packages\rest_framework\views.py", line 422, in initial
    self.check_throttles(request)
  File "C:\Users\User\Desktop\backend_video_analysis\.venv\Lib\site-packages\rest_framework\views.py", line 365, in check_throttles
    if not throttle.allow_request(request, self):
           ^^^^^^^^^^^^^^^^^^^^^^^^^^^^^^^^^^^^^
  File "C:\Users\User\Desktop\backend_video_analysis\.venv\Lib\site-packages\rest_framework\throttling.py", line 123, in allow_request
    self.history = self.cache.get(self.key, [])
                   ^^^^^^^^^^^^^^^^^^^^^^^^^^^^
  File "C:\Users\User\Desktop\backend_video_analysis\.venv\Lib\site-packages\debug_toolbar\panels\cache.py", line 42, in wrapper
    return panel._record_call(cache, name, original_method, args, kwargs)
           ^^^^^^^^^^^^^^^^^^^^^^^^^^^^^^^^^^^^^^^^^^^^^^^^^^^^^^^^^^^^^^
  File "C:\Users\User\Desktop\backend_video_analysis\.venv\Lib\site-packages\debug_toolbar\panels\cache.py", line 149, in _record_call
    value = original_method(*args, **kwargs)
            ^^^^^^^^^^^^^^^^^^^^^^^^^^^^^^^^
  File "C:\Users\User\Desktop\backend_video_analysis\.venv\Lib\site-packages\django_redis\cache.py", line 92, in get
    value = self._get(key, default, version, client)
            ^^^^^^^^^^^^^^^^^^^^^^^^^^^^^^^^^^^^^^^^
  File "C:\Users\User\Desktop\backend_video_analysis\.venv\Lib\site-packages\django_redis\cache.py", line 36, in _decorator
    raise e.__cause__
  File "C:\Users\User\Desktop\backend_video_analysis\.venv\Lib\site-packages\django_redis\client\default.py", line 258, in get
    value = client.get(key)
            ^^^^^^^^^^^^^^^
  File "C:\Users\User\Desktop\backend_video_analysis\.venv\Lib\site-packages\redis\commands\core.py", line 1816, in get
    return self.execute_command("GET", name)
           ^^^^^^^^^^^^^^^^^^^^^^^^^^^^^^^^^
  File "C:\Users\User\Desktop\backend_video_analysis\.venv\Lib\site-packages\redis\client.py", line 1266, in execute_command
    conn = self.connection or pool.get_connection(command_name, **options)
                              ^^^^^^^^^^^^^^^^^^^^^^^^^^^^^^^^^^^^^^^^^^^^
  File "C:\Users\User\Desktop\backend_video_analysis\.venv\Lib\site-packages\redis\connection.py", line 1461, in get_connection
    connection.connect()
  File "C:\Users\User\Desktop\backend_video_analysis\.venv\Lib\site-packages\redis\connection.py", line 713, in connect
    raise ConnectionError(self._error_message(e))
redis.exceptions.ConnectionError: Error 10061 connecting to localhost:6379. No connection could be made because the target machine actively refused it.
[05-01-2026 00:10:00] ERROR log 17932 - Internal Server Error: /event
Traceback (most recent call last):
  File "C:\Users\User\Desktop\backend_video_analysis\.venv\Lib\site-packages\django_redis\cache.py", line 29, in _decorator
    return method(self, *args, **kwargs)
           ^^^^^^^^^^^^^^^^^^^^^^^^^^^^^
  File "C:\Users\User\Desktop\backend_video_analysis\.venv\Lib\site-packages\django_redis\cache.py", line 99, in _get
    return self.client.get(key, default=default, version=version, client=client)
           ^^^^^^^^^^^^^^^^^^^^^^^^^^^^^^^^^^^^^^^^^^^^^^^^^^^^^^^^^^^^^^^^^^^^^
  File "C:\Users\User\Desktop\backend_video_analysis\.venv\Lib\site-packages\django_redis\client\default.py", line 260, in get
    raise ConnectionInterrupted(connection=client) from e
django_redis.exceptions.ConnectionInterrupted: Redis ConnectionError: Error 10061 connecting to localhost:6379. No connection could be made because the target machine actively refused it.

During handling of the above exception, another exception occurred:

Traceback (most recent call last):
  File "C:\Users\User\Desktop\backend_video_analysis\.venv\Lib\site-packages\django\core\handlers\exception.py", line 55, in inner
    response = get_response(request)
               ^^^^^^^^^^^^^^^^^^^^^
  File "C:\Users\User\Desktop\backend_video_analysis\.venv\Lib\site-packages\django\core\handlers\base.py", line 197, in _get_response
    response = wrapped_callback(request, *callback_args, **callback_kwargs)
               ^^^^^^^^^^^^^^^^^^^^^^^^^^^^^^^^^^^^^^^^^^^^^^^^^^^^^^^^^^^^
  File "C:\Users\User\Desktop\backend_video_analysis\.venv\Lib\site-packages\django\views\decorators\csrf.py", line 56, in wrapper_view
    return view_func(*args, **kwargs)
           ^^^^^^^^^^^^^^^^^^^^^^^^^^
  File "C:\Users\User\Desktop\backend_video_analysis\.venv\Lib\site-packages\django\views\generic\base.py", line 105, in view
    return self.dispatch(request, *args, **kwargs)
           ^^^^^^^^^^^^^^^^^^^^^^^^^^^^^^^^^^^^^^^
  File "C:\Users\User\Desktop\backend_video_analysis\.venv\Lib\site-packages\rest_framework\views.py", line 515, in dispatch
    response = self.handle_exception(exc)
               ^^^^^^^^^^^^^^^^^^^^^^^^^^
  File "C:\Users\User\Desktop\backend_video_analysis\.venv\Lib\site-packages\rest_framework\views.py", line 475, in handle_exception
    self.raise_uncaught_exception(exc)
  File "C:\Users\User\Desktop\backend_video_analysis\.venv\Lib\site-packages\rest_framework\views.py", line 486, in raise_uncaught_exception
    raise exc
  File "C:\Users\User\Desktop\backend_video_analysis\.venv\Lib\site-packages\rest_framework\views.py", line 503, in dispatch
    self.initial(request, *args, **kwargs)
  File "C:\Users\User\Desktop\backend_video_analysis\.venv\Lib\site-packages\rest_framework\views.py", line 422, in initial
    self.check_throttles(request)
  File "C:\Users\User\Desktop\backend_video_analysis\.venv\Lib\site-packages\rest_framework\views.py", line 365, in check_throttles
    if not throttle.allow_request(request, self):
           ^^^^^^^^^^^^^^^^^^^^^^^^^^^^^^^^^^^^^
  File "C:\Users\User\Desktop\backend_video_analysis\.venv\Lib\site-packages\rest_framework\throttling.py", line 123, in allow_request
    self.history = self.cache.get(self.key, [])
                   ^^^^^^^^^^^^^^^^^^^^^^^^^^^^
  File "C:\Users\User\Desktop\backend_video_analysis\.venv\Lib\site-packages\debug_toolbar\panels\cache.py", line 42, in wrapper
    return panel._record_call(cache, name, original_method, args, kwargs)
           ^^^^^^^^^^^^^^^^^^^^^^^^^^^^^^^^^^^^^^^^^^^^^^^^^^^^^^^^^^^^^^
  File "C:\Users\User\Desktop\backend_video_analysis\.venv\Lib\site-packages\debug_toolbar\panels\cache.py", line 149, in _record_call
    value = original_method(*args, **kwargs)
            ^^^^^^^^^^^^^^^^^^^^^^^^^^^^^^^^
  File "C:\Users\User\Desktop\backend_video_analysis\.venv\Lib\site-packages\django_redis\cache.py", line 92, in get
    value = self._get(key, default, version, client)
            ^^^^^^^^^^^^^^^^^^^^^^^^^^^^^^^^^^^^^^^^
  File "C:\Users\User\Desktop\backend_video_analysis\.venv\Lib\site-packages\django_redis\cache.py", line 36, in _decorator
    raise e.__cause__
  File "C:\Users\User\Desktop\backend_video_analysis\.venv\Lib\site-packages\django_redis\client\default.py", line 258, in get
    value = client.get(key)
            ^^^^^^^^^^^^^^^
  File "C:\Users\User\Desktop\backend_video_analysis\.venv\Lib\site-packages\redis\commands\core.py", line 1816, in get
    return self.execute_command("GET", name)
           ^^^^^^^^^^^^^^^^^^^^^^^^^^^^^^^^^
  File "C:\Users\User\Desktop\backend_video_analysis\.venv\Lib\site-packages\redis\client.py", line 1266, in execute_command
    conn = self.connection or pool.get_connection(command_name, **options)
                              ^^^^^^^^^^^^^^^^^^^^^^^^^^^^^^^^^^^^^^^^^^^^
  File "C:\Users\User\Desktop\backend_video_analysis\.venv\Lib\site-packages\redis\connection.py", line 1461, in get_connection
    connection.connect()
  File "C:\Users\User\Desktop\backend_video_analysis\.venv\Lib\site-packages\redis\connection.py", line 713, in connect
    raise ConnectionError(self._error_message(e))
redis.exceptions.ConnectionError: Error 10061 connecting to localhost:6379. No connection could be made because the target machine actively refused it.
[05-01-2026 00:10:00] ERROR log 17932 - Internal Server Error: /event
Traceback (most recent call last):
  File "C:\Users\User\Desktop\backend_video_analysis\.venv\Lib\site-packages\django_redis\cache.py", line 29, in _decorator
    return method(self, *args, **kwargs)
           ^^^^^^^^^^^^^^^^^^^^^^^^^^^^^
  File "C:\Users\User\Desktop\backend_video_analysis\.venv\Lib\site-packages\django_redis\cache.py", line 99, in _get
    return self.client.get(key, default=default, version=version, client=client)
           ^^^^^^^^^^^^^^^^^^^^^^^^^^^^^^^^^^^^^^^^^^^^^^^^^^^^^^^^^^^^^^^^^^^^^
  File "C:\Users\User\Desktop\backend_video_analysis\.venv\Lib\site-packages\django_redis\client\default.py", line 260, in get
    raise ConnectionInterrupted(connection=client) from e
django_redis.exceptions.ConnectionInterrupted: Redis ConnectionError: Error 10061 connecting to localhost:6379. No connection could be made because the target machine actively refused it.

During handling of the above exception, another exception occurred:

Traceback (most recent call last):
  File "C:\Users\User\Desktop\backend_video_analysis\.venv\Lib\site-packages\django\core\handlers\exception.py", line 55, in inner
    response = get_response(request)
               ^^^^^^^^^^^^^^^^^^^^^
  File "C:\Users\User\Desktop\backend_video_analysis\.venv\Lib\site-packages\django\core\handlers\base.py", line 197, in _get_response
    response = wrapped_callback(request, *callback_args, **callback_kwargs)
               ^^^^^^^^^^^^^^^^^^^^^^^^^^^^^^^^^^^^^^^^^^^^^^^^^^^^^^^^^^^^
  File "C:\Users\User\Desktop\backend_video_analysis\.venv\Lib\site-packages\django\views\decorators\csrf.py", line 56, in wrapper_view
    return view_func(*args, **kwargs)
           ^^^^^^^^^^^^^^^^^^^^^^^^^^
  File "C:\Users\User\Desktop\backend_video_analysis\.venv\Lib\site-packages\django\views\generic\base.py", line 105, in view
    return self.dispatch(request, *args, **kwargs)
           ^^^^^^^^^^^^^^^^^^^^^^^^^^^^^^^^^^^^^^^
  File "C:\Users\User\Desktop\backend_video_analysis\.venv\Lib\site-packages\rest_framework\views.py", line 515, in dispatch
    response = self.handle_exception(exc)
               ^^^^^^^^^^^^^^^^^^^^^^^^^^
  File "C:\Users\User\Desktop\backend_video_analysis\.venv\Lib\site-packages\rest_framework\views.py", line 475, in handle_exception
    self.raise_uncaught_exception(exc)
  File "C:\Users\User\Desktop\backend_video_analysis\.venv\Lib\site-packages\rest_framework\views.py", line 486, in raise_uncaught_exception
    raise exc
  File "C:\Users\User\Desktop\backend_video_analysis\.venv\Lib\site-packages\rest_framework\views.py", line 503, in dispatch
    self.initial(request, *args, **kwargs)
  File "C:\Users\User\Desktop\backend_video_analysis\.venv\Lib\site-packages\rest_framework\views.py", line 422, in initial
    self.check_throttles(request)
  File "C:\Users\User\Desktop\backend_video_analysis\.venv\Lib\site-packages\rest_framework\views.py", line 365, in check_throttles
    if not throttle.allow_request(request, self):
           ^^^^^^^^^^^^^^^^^^^^^^^^^^^^^^^^^^^^^
  File "C:\Users\User\Desktop\backend_video_analysis\.venv\Lib\site-packages\rest_framework\throttling.py", line 123, in allow_request
    self.history = self.cache.get(self.key, [])
                   ^^^^^^^^^^^^^^^^^^^^^^^^^^^^
  File "C:\Users\User\Desktop\backend_video_analysis\.venv\Lib\site-packages\debug_toolbar\panels\cache.py", line 42, in wrapper
    return panel._record_call(cache, name, original_method, args, kwargs)
           ^^^^^^^^^^^^^^^^^^^^^^^^^^^^^^^^^^^^^^^^^^^^^^^^^^^^^^^^^^^^^^
  File "C:\Users\User\Desktop\backend_video_analysis\.venv\Lib\site-packages\debug_toolbar\panels\cache.py", line 149, in _record_call
    value = original_method(*args, **kwargs)
            ^^^^^^^^^^^^^^^^^^^^^^^^^^^^^^^^
  File "C:\Users\User\Desktop\backend_video_analysis\.venv\Lib\site-packages\django_redis\cache.py", line 92, in get
    value = self._get(key, default, version, client)
            ^^^^^^^^^^^^^^^^^^^^^^^^^^^^^^^^^^^^^^^^
  File "C:\Users\User\Desktop\backend_video_analysis\.venv\Lib\site-packages\django_redis\cache.py", line 36, in _decorator
    raise e.__cause__
  File "C:\Users\User\Desktop\backend_video_analysis\.venv\Lib\site-packages\django_redis\client\default.py", line 258, in get
    value = client.get(key)
            ^^^^^^^^^^^^^^^
  File "C:\Users\User\Desktop\backend_video_analysis\.venv\Lib\site-packages\redis\commands\core.py", line 1816, in get
    return self.execute_command("GET", name)
           ^^^^^^^^^^^^^^^^^^^^^^^^^^^^^^^^^
  File "C:\Users\User\Desktop\backend_video_analysis\.venv\Lib\site-packages\redis\client.py", line 1266, in execute_command
    conn = self.connection or pool.get_connection(command_name, **options)
                              ^^^^^^^^^^^^^^^^^^^^^^^^^^^^^^^^^^^^^^^^^^^^
  File "C:\Users\User\Desktop\backend_video_analysis\.venv\Lib\site-packages\redis\connection.py", line 1461, in get_connection
    connection.connect()
  File "C:\Users\User\Desktop\backend_video_analysis\.venv\Lib\site-packages\redis\connection.py", line 713, in connect
    raise ConnectionError(self._error_message(e))
redis.exceptions.ConnectionError: Error 10061 connecting to localhost:6379. No connection could be made because the target machine actively refused it.
[05-01-2026 00:10:00] ERROR basehttp 17932 - "GET /event HTTP/1.1" 500 195198
[05-01-2026 00:10:00] ERROR basehttp 17932 - "GET /event HTTP/1.1" 500 195198
[05-01-2026 00:10:00] ERROR basehttp 17932 - "GET /event HTTP/1.1" 500 195198
[05-01-2026 00:11:03] INFO basehttp 17932 - "GET /event HTTP/1.1" 200 23124
[05-01-2026 00:11:03] INFO basehttp 17932 - "GET /event HTTP/1.1" 200 23124
[05-01-2026 00:11:03] INFO basehttp 17932 - "GET /event HTTP/1.1" 200 23124
[05-01-2026 00:11:03] INFO basehttp 9156 - "GET /static/rest_framework/css/prettify.css HTTP/1.1" 200 817
[05-01-2026 00:11:03] INFO basehttp 15932 - "GET /static/rest_framework/css/bootstrap-tweaks.css HTTP/1.1" 200 3426
[05-01-2026 00:11:03] INFO basehttp 9156 - "GET /static/rest_framework/css/prettify.css HTTP/1.1" 200 817
[05-01-2026 00:11:03] INFO basehttp 15932 - "GET /static/rest_framework/css/bootstrap-tweaks.css HTTP/1.1" 200 3426
[05-01-2026 00:11:03] INFO basehttp 9156 - "GET /static/rest_framework/css/prettify.css HTTP/1.1" 200 817
[05-01-2026 00:11:03] INFO basehttp 15932 - "GET /static/rest_framework/css/bootstrap-tweaks.css HTTP/1.1" 200 3426
[05-01-2026 00:11:03] INFO basehttp 17932 - "GET /static/rest_framework/css/bootstrap.min.css HTTP/1.1" 200 121457
[05-01-2026 00:11:03] INFO basehttp 17932 - "GET /static/rest_framework/css/bootstrap.min.css HTTP/1.1" 200 121457
[05-01-2026 00:11:03] INFO basehttp 17932 - "GET /static/rest_framework/css/bootstrap.min.css HTTP/1.1" 200 121457
[05-01-2026 00:11:03] INFO basehttp 20840 - "GET /static/rest_framework/css/default.css HTTP/1.1" 200 1152
[05-01-2026 00:11:03] INFO basehttp 20840 - "GET /static/rest_framework/css/default.css HTTP/1.1" 200 1152
[05-01-2026 00:11:03] INFO basehttp 20840 - "GET /static/rest_framework/css/default.css HTTP/1.1" 200 1152
[05-01-2026 00:11:03] INFO basehttp 956 - "GET /static/rest_framework/js/ajax-form.js HTTP/1.1" 200 3796
[05-01-2026 00:11:03] INFO basehttp 956 - "GET /static/rest_framework/js/ajax-form.js HTTP/1.1" 200 3796
[05-01-2026 00:11:03] INFO basehttp 956 - "GET /static/rest_framework/js/ajax-form.js HTTP/1.1" 200 3796
[05-01-2026 00:11:03] INFO basehttp 19688 - "GET /static/rest_framework/js/jquery-3.7.1.min.js HTTP/1.1" 200 87533
[05-01-2026 00:11:03] INFO basehttp 19688 - "GET /static/rest_framework/js/jquery-3.7.1.min.js HTTP/1.1" 200 87533
[05-01-2026 00:11:03] INFO basehttp 9156 - "GET /static/rest_framework/js/csrf.js HTTP/1.1" 200 1793
[05-01-2026 00:11:03] INFO basehttp 19688 - "GET /static/rest_framework/js/jquery-3.7.1.min.js HTTP/1.1" 200 87533
[05-01-2026 00:11:03] INFO basehttp 9156 - "GET /static/rest_framework/js/csrf.js HTTP/1.1" 200 1793
[05-01-2026 00:11:03] INFO basehttp 9156 - "GET /static/rest_framework/js/csrf.js HTTP/1.1" 200 1793
[05-01-2026 00:11:03] INFO basehttp 20840 - "GET /static/rest_framework/js/default.js HTTP/1.1" 200 1268
[05-01-2026 00:11:03] INFO basehttp 20840 - "GET /static/rest_framework/js/default.js HTTP/1.1" 200 1268
[05-01-2026 00:11:03] INFO basehttp 20840 - "GET /static/rest_framework/js/default.js HTTP/1.1" 200 1268
[05-01-2026 00:11:03] INFO basehttp 17932 - "GET /static/rest_framework/js/prettify-min.js HTTP/1.1" 200 13632
[05-01-2026 00:11:03] INFO basehttp 15932 - "GET /static/rest_framework/js/bootstrap.min.js HTTP/1.1" 200 39680
[05-01-2026 00:11:03] INFO basehttp 17932 - "GET /static/rest_framework/js/prettify-min.js HTTP/1.1" 200 13632
[05-01-2026 00:11:03] INFO basehttp 15932 - "GET /static/rest_framework/js/bootstrap.min.js HTTP/1.1" 200 39680
[05-01-2026 00:11:03] INFO basehttp 17932 - "GET /static/rest_framework/js/prettify-min.js HTTP/1.1" 200 13632
[05-01-2026 00:11:03] INFO basehttp 15932 - "GET /static/rest_framework/js/bootstrap.min.js HTTP/1.1" 200 39680
[05-01-2026 00:11:03] INFO basehttp 956 - "GET /static/rest_framework/js/load-ajax-form.js HTTP/1.1" 200 59
[05-01-2026 00:11:03] INFO basehttp 956 - "GET /static/rest_framework/js/load-ajax-form.js HTTP/1.1" 200 59
[05-01-2026 00:11:03] INFO basehttp 956 - "GET /static/rest_framework/js/load-ajax-form.js HTTP/1.1" 200 59
[05-01-2026 00:11:03] INFO basehttp 15932 - "GET /static/rest_framework/img/grid.png HTTP/1.1" 200 1458
[05-01-2026 00:11:03] INFO basehttp 15932 - "GET /static/rest_framework/img/grid.png HTTP/1.1" 200 1458
[05-01-2026 00:11:03] INFO basehttp 15932 - "GET /static/rest_framework/img/grid.png HTTP/1.1" 200 1458
[05-01-2026 00:11:09] WARNING log 15932 - Not Found: /event/1
[05-01-2026 00:11:09] WARNING log 15932 - Not Found: /event/1
[05-01-2026 00:11:09] WARNING log 15932 - Not Found: /event/1
[05-01-2026 00:11:09] WARNING basehttp 15932 - "GET /event/1 HTTP/1.1" 404 16891
[05-01-2026 00:11:09] WARNING basehttp 15932 - "GET /event/1 HTTP/1.1" 404 16891
[05-01-2026 00:11:09] WARNING basehttp 15932 - "GET /event/1 HTTP/1.1" 404 16891
[05-01-2026 00:11:56] WARNING log 15932 - Not Found: /event/2
[05-01-2026 00:11:56] WARNING log 15932 - Not Found: /event/2
[05-01-2026 00:11:56] WARNING log 15932 - Not Found: /event/2
[05-01-2026 00:11:56] WARNING basehttp 15932 - "GET /event/2 HTTP/1.1" 404 16891
[05-01-2026 00:11:56] WARNING basehttp 15932 - "GET /event/2 HTTP/1.1" 404 16891
[05-01-2026 00:11:56] WARNING basehttp 15932 - "GET /event/2 HTTP/1.1" 404 16891
[05-01-2026 00:12:40] INFO autoreload 7384 - C:\Users\User\Desktop\backend_video_analysis\youtube-video-analytics-django\src\videos\urls.py changed, reloading.
[05-01-2026 00:12:40] INFO autoreload 7384 - C:\Users\User\Desktop\backend_video_analysis\youtube-video-analytics-django\src\videos\urls.py changed, reloading.
[05-01-2026 00:12:43] INFO autoreload 18664 - Watching for file changes with StatReloader
[05-01-2026 00:12:43] INFO autoreload 18664 - Watching for file changes with StatReloader
[05-01-2026 00:12:55] INFO autoreload 10640 - Watching for file changes with StatReloader
[05-01-2026 00:12:55] INFO autoreload 10640 - Watching for file changes with StatReloader
[05-01-2026 00:13:03] WARNING log 6232 - Not Found: /event/2
[05-01-2026 00:13:03] WARNING log 6232 - Not Found: /event/2
[05-01-2026 00:13:03] WARNING log 6232 - Not Found: /event/2
[05-01-2026 00:13:03] WARNING basehttp 6232 - "GET /event/2 HTTP/1.1" 404 16898
[05-01-2026 00:13:03] WARNING basehttp 6232 - "GET /event/2 HTTP/1.1" 404 16898
[05-01-2026 00:13:03] WARNING basehttp 6232 - "GET /event/2 HTTP/1.1" 404 16898
[05-01-2026 00:13:07] WARNING log 6232 - Not Found: /event/2
[05-01-2026 00:13:07] WARNING log 6232 - Not Found: /event/2
[05-01-2026 00:13:07] WARNING log 6232 - Not Found: /event/2
[05-01-2026 00:13:07] WARNING basehttp 6232 - "GET /event/2 HTTP/1.1" 404 16898
[05-01-2026 00:13:07] WARNING basehttp 6232 - "GET /event/2 HTTP/1.1" 404 16898
[05-01-2026 00:13:07] WARNING basehttp 6232 - "GET /event/2 HTTP/1.1" 404 16898
[05-01-2026 00:13:09] WARNING log 6232 - Not Found: /event/2
[05-01-2026 00:13:09] WARNING log 6232 - Not Found: /event/2
[05-01-2026 00:13:09] WARNING log 6232 - Not Found: /event/2
[05-01-2026 00:13:09] WARNING basehttp 6232 - "GET /event/2 HTTP/1.1" 404 16898
[05-01-2026 00:13:09] WARNING basehttp 6232 - "GET /event/2 HTTP/1.1" 404 16898
[05-01-2026 00:13:09] WARNING basehttp 6232 - "GET /event/2 HTTP/1.1" 404 16898
[05-01-2026 00:13:18] WARNING log 6232 - Not Found: /
[05-01-2026 00:13:18] WARNING log 6232 - Not Found: /
[05-01-2026 00:13:18] WARNING log 6232 - Not Found: /
[05-01-2026 00:13:18] WARNING basehttp 6232 - "GET / HTTP/1.1" 404 16852
[05-01-2026 00:13:18] WARNING basehttp 6232 - "GET / HTTP/1.1" 404 16852
[05-01-2026 00:13:18] WARNING basehttp 6232 - "GET / HTTP/1.1" 404 16852
[05-01-2026 00:13:26] INFO basehttp 6232 - "GET /event HTTP/1.1" 200 23123
[05-01-2026 00:13:26] INFO basehttp 6232 - "GET /event HTTP/1.1" 200 23123
[05-01-2026 00:13:26] INFO basehttp 6232 - "GET /event HTTP/1.1" 200 23123
[05-01-2026 00:13:30] WARNING log 6232 - Not Found: /event/1
[05-01-2026 00:13:30] WARNING log 6232 - Not Found: /event/1
[05-01-2026 00:13:30] WARNING log 6232 - Not Found: /event/1
[05-01-2026 00:13:30] WARNING basehttp 6232 - "GET /event/1 HTTP/1.1" 404 16898
[05-01-2026 00:13:30] WARNING basehttp 6232 - "GET /event/1 HTTP/1.1" 404 16898
[05-01-2026 00:13:30] WARNING basehttp 6232 - "GET /event/1 HTTP/1.1" 404 16898
[05-01-2026 00:13:43] INFO autoreload 10640 - C:\Users\User\Desktop\backend_video_analysis\youtube-video-analytics-django\src\videos\urls.py changed, reloading.
[05-01-2026 00:13:43] INFO autoreload 10640 - C:\Users\User\Desktop\backend_video_analysis\youtube-video-analytics-django\src\videos\urls.py changed, reloading.
[05-01-2026 00:13:45] INFO autoreload 8280 - Watching for file changes with StatReloader
[05-01-2026 00:13:45] INFO autoreload 8280 - Watching for file changes with StatReloader
[05-01-2026 00:13:52] INFO autoreload 15600 - Watching for file changes with StatReloader
[05-01-2026 00:13:52] INFO autoreload 15600 - Watching for file changes with StatReloader
[05-01-2026 00:13:56] WARNING log 20988 - Not Found: /
[05-01-2026 00:13:56] WARNING log 20988 - Not Found: /
[05-01-2026 00:13:56] WARNING log 20988 - Not Found: /
[05-01-2026 00:13:56] WARNING basehttp 20988 - "GET / HTTP/1.1" 404 16854
[05-01-2026 00:13:56] WARNING basehttp 20988 - "GET / HTTP/1.1" 404 16854
[05-01-2026 00:13:56] WARNING basehttp 20988 - "GET / HTTP/1.1" 404 16854
[05-01-2026 00:14:04] INFO basehttp 20988 - "GET /event HTTP/1.1" 200 23124
[05-01-2026 00:14:04] INFO basehttp 20988 - "GET /event HTTP/1.1" 200 23124
[05-01-2026 00:14:04] INFO basehttp 20988 - "GET /event HTTP/1.1" 200 23124
[05-01-2026 00:14:06] WARNING log 20988 - Not Found: /event/a
[05-01-2026 00:14:06] WARNING log 20988 - Not Found: /event/a
[05-01-2026 00:14:06] WARNING log 20988 - Not Found: /event/a
[05-01-2026 00:14:06] WARNING basehttp 20988 - "GET /event/a HTTP/1.1" 404 16899
[05-01-2026 00:14:06] WARNING basehttp 20988 - "GET /event/a HTTP/1.1" 404 16899
[05-01-2026 00:14:06] WARNING basehttp 20988 - "GET /event/a HTTP/1.1" 404 16899
[05-01-2026 00:14:09] WARNING log 20988 - Not Found: /event/1
[05-01-2026 00:14:09] WARNING log 20988 - Not Found: /event/1
[05-01-2026 00:14:09] WARNING log 20988 - Not Found: /event/1
[05-01-2026 00:14:09] WARNING basehttp 20988 - "GET /event/1 HTTP/1.1" 404 16899
[05-01-2026 00:14:09] WARNING basehttp 20988 - "GET /event/1 HTTP/1.1" 404 16899
[05-01-2026 00:14:09] WARNING basehttp 20988 - "GET /event/1 HTTP/1.1" 404 16899
[05-01-2026 00:14:13] WARNING log 20988 - Not Found: /event/1/
[05-01-2026 00:14:13] WARNING log 20988 - Not Found: /event/1/
[05-01-2026 00:14:13] WARNING log 20988 - Not Found: /event/1/
[05-01-2026 00:14:13] WARNING basehttp 20988 - "GET /event/1/ HTTP/1.1" 404 16903
[05-01-2026 00:14:13] WARNING basehttp 20988 - "GET /event/1/ HTTP/1.1" 404 16903
[05-01-2026 00:14:13] WARNING basehttp 20988 - "GET /event/1/ HTTP/1.1" 404 16903
[05-01-2026 00:17:33] INFO autoreload 15600 - C:\Users\User\Desktop\backend_video_analysis\youtube-video-analytics-django\src\videos\urls.py changed, reloading.
[05-01-2026 00:17:33] INFO autoreload 15600 - C:\Users\User\Desktop\backend_video_analysis\youtube-video-analytics-django\src\videos\urls.py changed, reloading.
[05-01-2026 00:17:35] INFO autoreload 15232 - Watching for file changes with StatReloader
[05-01-2026 00:17:35] INFO autoreload 15232 - Watching for file changes with StatReloader
[05-01-2026 00:17:58] INFO basehttp 15644 - "GET /event/1/ HTTP/1.1" 200 23190
[05-01-2026 00:17:58] INFO basehttp 15644 - "GET /event/1/ HTTP/1.1" 200 23190
[05-01-2026 00:17:58] INFO basehttp 15644 - "GET /event/1/ HTTP/1.1" 200 23190
[05-01-2026 00:33:46] INFO autoreload 15232 - C:\Users\User\Desktop\backend_video_analysis\youtube-video-analytics-django\src\videos\models.py changed, reloading.
[05-01-2026 00:33:46] INFO autoreload 15232 - C:\Users\User\Desktop\backend_video_analysis\youtube-video-analytics-django\src\videos\models.py changed, reloading.
[05-01-2026 00:33:48] INFO autoreload 9564 - Watching for file changes with StatReloader
[05-01-2026 00:33:48] INFO autoreload 9564 - Watching for file changes with StatReloader
[05-01-2026 00:34:12] INFO autoreload 9564 - C:\Users\User\Desktop\backend_video_analysis\youtube-video-analytics-django\src\videos\models.py changed, reloading.
[05-01-2026 00:34:12] INFO autoreload 9564 - C:\Users\User\Desktop\backend_video_analysis\youtube-video-analytics-django\src\videos\models.py changed, reloading.
[05-01-2026 00:34:15] INFO autoreload 15096 - Watching for file changes with StatReloader
[05-01-2026 00:34:15] INFO autoreload 15096 - Watching for file changes with StatReloader
[05-01-2026 00:34:19] INFO autoreload 15096 - C:\Users\User\Desktop\backend_video_analysis\youtube-video-analytics-django\src\videos\models.py changed, reloading.
[05-01-2026 00:34:19] INFO autoreload 15096 - C:\Users\User\Desktop\backend_video_analysis\youtube-video-analytics-django\src\videos\models.py changed, reloading.
[05-01-2026 00:34:21] INFO autoreload 5248 - Watching for file changes with StatReloader
[05-01-2026 00:34:21] INFO autoreload 5248 - Watching for file changes with StatReloader
[05-01-2026 00:34:28] INFO autoreload 5248 - C:\Users\User\Desktop\backend_video_analysis\youtube-video-analytics-django\src\videos\models.py changed, reloading.
[05-01-2026 00:34:28] INFO autoreload 5248 - C:\Users\User\Desktop\backend_video_analysis\youtube-video-analytics-django\src\videos\models.py changed, reloading.
[05-01-2026 00:34:31] INFO autoreload 15664 - Watching for file changes with StatReloader
[05-01-2026 00:34:31] INFO autoreload 15664 - Watching for file changes with StatReloader
[05-01-2026 00:34:35] INFO autoreload 15664 - C:\Users\User\Desktop\backend_video_analysis\youtube-video-analytics-django\src\videos\models.py changed, reloading.
[05-01-2026 00:34:35] INFO autoreload 15664 - C:\Users\User\Desktop\backend_video_analysis\youtube-video-analytics-django\src\videos\models.py changed, reloading.
[05-01-2026 00:34:37] INFO autoreload 3356 - Watching for file changes with StatReloader
[05-01-2026 00:34:37] INFO autoreload 3356 - Watching for file changes with StatReloader
[05-01-2026 00:34:44] INFO autoreload 3356 - C:\Users\User\Desktop\backend_video_analysis\youtube-video-analytics-django\src\videos\models.py changed, reloading.
[05-01-2026 00:34:44] INFO autoreload 3356 - C:\Users\User\Desktop\backend_video_analysis\youtube-video-analytics-django\src\videos\models.py changed, reloading.
[05-01-2026 00:34:47] INFO autoreload 21224 - Watching for file changes with StatReloader
[05-01-2026 00:34:47] INFO autoreload 21224 - Watching for file changes with StatReloader
[05-01-2026 00:34:48] INFO autoreload 21224 - C:\Users\User\Desktop\backend_video_analysis\youtube-video-analytics-django\src\videos\models.py changed, reloading.
[05-01-2026 00:34:48] INFO autoreload 21224 - C:\Users\User\Desktop\backend_video_analysis\youtube-video-analytics-django\src\videos\models.py changed, reloading.
[05-01-2026 00:34:50] INFO autoreload 16352 - Watching for file changes with StatReloader
[05-01-2026 00:34:50] INFO autoreload 16352 - Watching for file changes with StatReloader
[05-01-2026 00:34:54] INFO autoreload 16352 - C:\Users\User\Desktop\backend_video_analysis\youtube-video-analytics-django\src\videos\models.py changed, reloading.
[05-01-2026 00:34:54] INFO autoreload 16352 - C:\Users\User\Desktop\backend_video_analysis\youtube-video-analytics-django\src\videos\models.py changed, reloading.
[05-01-2026 00:34:56] INFO autoreload 20528 - Watching for file changes with StatReloader
[05-01-2026 00:34:56] INFO autoreload 20528 - Watching for file changes with StatReloader
[05-01-2026 00:34:58] INFO autoreload 20528 - C:\Users\User\Desktop\backend_video_analysis\youtube-video-analytics-django\src\videos\models.py changed, reloading.
[05-01-2026 00:34:58] INFO autoreload 20528 - C:\Users\User\Desktop\backend_video_analysis\youtube-video-analytics-django\src\videos\models.py changed, reloading.
[05-01-2026 00:35:00] INFO autoreload 2472 - Watching for file changes with StatReloader
[05-01-2026 00:35:00] INFO autoreload 2472 - Watching for file changes with StatReloader
[05-01-2026 00:35:02] INFO autoreload 2472 - C:\Users\User\Desktop\backend_video_analysis\youtube-video-analytics-django\src\videos\models.py changed, reloading.
[05-01-2026 00:35:02] INFO autoreload 2472 - C:\Users\User\Desktop\backend_video_analysis\youtube-video-analytics-django\src\videos\models.py changed, reloading.
[05-01-2026 00:35:04] INFO autoreload 10248 - Watching for file changes with StatReloader
[05-01-2026 00:35:04] INFO autoreload 10248 - Watching for file changes with StatReloader
[05-01-2026 00:35:06] INFO autoreload 10248 - C:\Users\User\Desktop\backend_video_analysis\youtube-video-analytics-django\src\videos\models.py changed, reloading.
[05-01-2026 00:35:06] INFO autoreload 10248 - C:\Users\User\Desktop\backend_video_analysis\youtube-video-analytics-django\src\videos\models.py changed, reloading.
[05-01-2026 00:35:08] INFO autoreload 15888 - Watching for file changes with StatReloader
[05-01-2026 00:35:08] INFO autoreload 15888 - Watching for file changes with StatReloader
[05-01-2026 00:35:16] INFO autoreload 15888 - C:\Users\User\Desktop\backend_video_analysis\youtube-video-analytics-django\src\videos\models.py changed, reloading.
[05-01-2026 00:35:16] INFO autoreload 15888 - C:\Users\User\Desktop\backend_video_analysis\youtube-video-analytics-django\src\videos\models.py changed, reloading.
[05-01-2026 00:35:17] INFO autoreload 11916 - Watching for file changes with StatReloader
[05-01-2026 00:35:17] INFO autoreload 11916 - Watching for file changes with StatReloader
[05-01-2026 00:37:45] INFO autoreload 11916 - C:\Users\User\Desktop\backend_video_analysis\youtube-video-analytics-django\src\videos\models.py changed, reloading.
[05-01-2026 00:37:45] INFO autoreload 11916 - C:\Users\User\Desktop\backend_video_analysis\youtube-video-analytics-django\src\videos\models.py changed, reloading.
[05-01-2026 00:37:47] INFO autoreload 7368 - Watching for file changes with StatReloader
[05-01-2026 00:37:47] INFO autoreload 7368 - Watching for file changes with StatReloader
